---
http_interactions:
- request:
    method: post
    uri: http://sample.example.com:3000/locomotive/api/tokens.json?auth_token=sdgp9LsjJPGxDSpi6RAs
    body:
      encoding: UTF-8
      string: email=admin%40locomotivecms.com&password=locomotive
    headers: {}
  response:
    status:
      code: 200
      message: OK
    headers:
      Date:
      - Tue, 28 Oct 2014 11:42:32 GMT
      Status:
      - 200 OK
      Connection:
      - close
      Location:
      - http://sample.example.com:3000/locomotive/
      Content-Type:
      - application/json; charset=utf-8
      X-Ua-Compatible:
      - IE=Edge
      Etag:
      - '"4ea3c712738ee050c48cfde081be4948"'
      Cache-Control:
      - max-age=0, private, must-revalidate
      Set-Cookie:
      - _locomotive_session=-M4h3TCBomiV-FuUY1MFGh9QiqY; domain=.example.com; path=/;
        HttpOnly
      X-Request-Id:
      - d558d4765189bf9446918f89b13561b8
      X-Runtime:
      - '0.032954'
    body:
      encoding: UTF-8
      string: '{"token":"sdgp9LsjJPGxDSpi6RAs"}'
    http_version: 
  recorded_at: Tue, 28 Oct 2014 11:42:32 GMT
- request:
    method: get
    uri: http://sample.example.com:3000/locomotive/api/current_site.json?auth_token=sdgp9LsjJPGxDSpi6RAs
    body:
      encoding: US-ASCII
      string: ''
    headers: {}
  response:
    status:
      code: 200
      message: OK
    headers:
      Date:
      - Tue, 28 Oct 2014 11:42:32 GMT
      Status:
      - 200 OK
      Connection:
      - close
      Content-Type:
      - application/json; charset=utf-8
      X-Ua-Compatible:
      - IE=Edge
      Etag:
      - '"41a9e59d48585940e09554e27a95d752"'
      Cache-Control:
      - max-age=0, private, must-revalidate
      Set-Cookie:
      - _locomotive_session=wrcGWx7vfw5UUMrstErOxRsPiWI; domain=.example.com; path=/;
        HttpOnly
      X-Request-Id:
      - 7a51acea583d47284499705bf61f9e34
      X-Runtime:
      - '0.029372'
    body:
      encoding: UTF-8
      string: '{"id":"544f81174fe0634fa9000352","_id":"544f81174fe0634fa9000352","created_at":"2014-10-28T12:42:15+01:00","updated_at":"2014-10-28T12:42:15+01:00","name":"Sample
        website","locales":["en","fr","nb"],"timezone":"Paris","subdomain":"sample","domains":["sample.example.com","sample.lvh.me"],"domains_without_subdomain":["sample.example.com"],"domain_name":"lvh.me","memberships":[{"id":"544f81174fe0634fa9000353","_id":"544f81174fe0634fa9000353","role":"admin","role_name":"Administrator","can_update":false,"grant_admin":true,"account_id":"535fb2af247580694d000001","name":"Admin","email":"admin@locomotivecms.com"}],"seo_title":"A
        simple LocomotiveCMS website","meta_keywords":"some meta keywords","meta_description":"some
        meta description"}'
    http_version: 
  recorded_at: Tue, 28 Oct 2014 11:42:32 GMT
- request:
    method: get
    uri: http://sample.example.com:3000/locomotive/api/current_site.json?auth_token=sdgp9LsjJPGxDSpi6RAs&locale=fr
    body:
      encoding: US-ASCII
      string: ''
    headers: {}
  response:
    status:
      code: 200
      message: OK
    headers:
      Date:
      - Tue, 28 Oct 2014 11:42:32 GMT
      Status:
      - 200 OK
      Connection:
      - close
      Content-Type:
      - application/json; charset=utf-8
      X-Ua-Compatible:
      - IE=Edge
      Etag:
      - '"907482c7c9e2090516dc6d94c78ed93e"'
      Cache-Control:
      - max-age=0, private, must-revalidate
      Set-Cookie:
      - _locomotive_session=0vuW-OM3Xg3IRpzH8FHMp10aBGA; domain=.example.com; path=/;
        HttpOnly
      X-Request-Id:
      - 0a99439eaaee6007feb21ee0098cfa4e
      X-Runtime:
      - '0.027851'
    body:
      encoding: UTF-8
      string: '{"id":"544f81174fe0634fa9000352","_id":"544f81174fe0634fa9000352","created_at":"2014-10-28T12:42:15+01:00","updated_at":"2014-10-28T12:42:15+01:00","name":"Sample
        website","locales":["en","fr","nb"],"timezone":"Paris","subdomain":"sample","domains":["sample.example.com","sample.lvh.me"],"domains_without_subdomain":["sample.example.com"],"domain_name":"lvh.me","memberships":[{"id":"544f81174fe0634fa9000353","_id":"544f81174fe0634fa9000353","role":"admin","role_name":"Administrateur","can_update":false,"grant_admin":true,"account_id":"535fb2af247580694d000001","name":"Admin","email":"admin@locomotivecms.com"}],"seo_title":"Un
        simple LocomotiveCMS site web","meta_keywords":"quelques mots cles","meta_description":"some
        meta description"}'
    http_version: 
  recorded_at: Tue, 28 Oct 2014 11:42:32 GMT
- request:
    method: get
    uri: http://sample.example.com:3000/locomotive/api/current_site.json?auth_token=sdgp9LsjJPGxDSpi6RAs&locale=nb
    body:
      encoding: US-ASCII
      string: ''
    headers: {}
  response:
    status:
      code: 200
      message: OK
    headers:
      Date:
      - Tue, 28 Oct 2014 11:42:32 GMT
      Status:
      - 200 OK
      Connection:
      - close
      Content-Type:
      - application/json; charset=utf-8
      X-Ua-Compatible:
      - IE=Edge
      Etag:
      - '"41a9e59d48585940e09554e27a95d752"'
      Cache-Control:
      - max-age=0, private, must-revalidate
      Set-Cookie:
      - _locomotive_session=EzmNGavrazzfz9m8qn7R4fIxrr0; domain=.example.com; path=/;
        HttpOnly
      X-Request-Id:
      - 93c5c78737509828f359fbcb85edc3ba
      X-Runtime:
      - '0.029641'
    body:
      encoding: UTF-8
      string: '{"id":"544f81174fe0634fa9000352","_id":"544f81174fe0634fa9000352","created_at":"2014-10-28T12:42:15+01:00","updated_at":"2014-10-28T12:42:15+01:00","name":"Sample
        website","locales":["en","fr","nb"],"timezone":"Paris","subdomain":"sample","domains":["sample.example.com","sample.lvh.me"],"domains_without_subdomain":["sample.example.com"],"domain_name":"lvh.me","memberships":[{"id":"544f81174fe0634fa9000353","_id":"544f81174fe0634fa9000353","role":"admin","role_name":"Administrator","can_update":false,"grant_admin":true,"account_id":"535fb2af247580694d000001","name":"Admin","email":"admin@locomotivecms.com"}],"seo_title":"A
        simple LocomotiveCMS website","meta_keywords":"some meta keywords","meta_description":"some
        meta description"}'
    http_version: 
  recorded_at: Tue, 28 Oct 2014 11:42:32 GMT
- request:
    method: get
    uri: http://sample.example.com:3000/locomotive/api/content_assets.json?auth_token=sdgp9LsjJPGxDSpi6RAs
    body:
      encoding: US-ASCII
      string: ''
    headers: {}
  response:
    status:
      code: 200
      message: OK
    headers:
      Date:
      - Tue, 28 Oct 2014 11:42:32 GMT
      Status:
      - 200 OK
      Connection:
      - close
      Content-Type:
      - application/json; charset=utf-8
      X-Ua-Compatible:
      - IE=Edge
      Etag:
      - '"8be320f6ee975a7e74dcf7e0b3d754d1"'
      Cache-Control:
      - max-age=0, private, must-revalidate
      Set-Cookie:
      - _locomotive_session=JCC3x3qAojkvS22j4UYISeyBx7k; domain=.example.com; path=/;
        HttpOnly
      X-Request-Id:
      - 1e54e00ac1037b7f37152666899e391c
      X-Runtime:
      - '0.031957'
    body:
      encoding: UTF-8
      string: '[{"id":"544f811b4fe0634fa900039b","_id":"544f811b4fe0634fa900039b","created_at":"2014-10-28T12:42:19+01:00","updated_at":"2014-10-28T12:42:19+01:00","content_type":"image","width":602,"height":397,"filename":"photo.jpg","full_filename":"photo.jpg","short_name":"photo.jpg","extname":"jpg","raw_size":163476,"vignette_url":"/images/dynamic/W1siZmYiLCIvVXNlcnMvZGlkaWVyL0RvY3VtZW50cy9Mb2NvbW90aXZlQ01TL2VuZ2luZS9zcGVjL2R1bW15L3B1YmxpYy9zaXRlcy81NDRmODExNzRmZTA2MzRmYTkwMDAzNTIvYXNzZXRzLzU0NGY4MTFiNGZlMDYzNGZhOTAwMDM5Yi9waG90by5qcGciXSxbInAiLCJ0aHVtYiIsIjg1eDg1IyJdXQ/photo.jpg?sha=a22c127ed99fcadc","url":"/sites/544f81174fe0634fa9000352/assets/544f811b4fe0634fa900039b/photo.jpg","content_type_text":"image"}]'
    http_version: 
  recorded_at: Tue, 28 Oct 2014 11:42:32 GMT
- request:
    method: get
    uri: http://sample.example.com:3000/locomotive/api/content_types.json?auth_token=sdgp9LsjJPGxDSpi6RAs
    body:
      encoding: US-ASCII
      string: ''
    headers: {}
  response:
    status:
      code: 200
      message: OK
    headers:
      Date:
      - Tue, 28 Oct 2014 11:42:32 GMT
      Status:
      - 200 OK
      Connection:
      - close
      Content-Type:
      - application/json; charset=utf-8
      X-Ua-Compatible:
      - IE=Edge
      Etag:
      - '"537a4a2b3d420ab8159d67f21ffa7509"'
      Cache-Control:
      - max-age=0, private, must-revalidate
      Set-Cookie:
      - _locomotive_session=ZrmChbfYZmvNjXG4gA5VtUpt3EI; domain=.example.com; path=/;
        HttpOnly
      X-Request-Id:
      - edae6838c9652ca0b65e12cb0cb24a6d
      X-Runtime:
      - '0.060936'
    body:
      encoding: UTF-8
      string: '[{"id":"544f81174fe0634fa9000359","_id":"544f81174fe0634fa9000359","created_at":"2014-10-28T12:42:15+01:00","updated_at":"2014-10-28T12:42:16+01:00","name":"Bands","slug":"bands","entries_custom_fields":[{"id":"544f81174fe0634fa900035a","_id":"544f81174fe0634fa900035a","name":"name","label":"Name","type":"string","required":true,"localized":false,"unique":false,"hint":"Name
        of the band","position":0},{"id":"544f81174fe0634fa900035b","_id":"544f81174fe0634fa900035b","name":"leader","label":"Fullname
        of the leader","type":"string","required":false,"localized":false,"unique":false,"position":1},{"id":"544f81174fe0634fa900035c","_id":"544f81174fe0634fa900035c","name":"kind","label":"Music
        kind (grunge, rock, pop, country)","type":"select","required":false,"localized":false,"unique":false,"position":2,"select_options":[{"_id":"544f81174fe0634fa900035d","name":"grunge","position":0,"id":"544f81174fe0634fa900035d"},{"_id":"544f81174fe0634fa900035e","name":"rock","position":1,"id":"544f81174fe0634fa900035e"},{"_id":"544f81174fe0634fa900035f","name":"country","position":2,"id":"544f81174fe0634fa900035f"}],"raw_select_options":[{"id":"544f81174fe0634fa900035d","name":{"en":"grunge"},"position":2},{"id":"544f81174fe0634fa900035e","name":{"en":"rock"},"position":2},{"id":"544f81174fe0634fa900035f","name":{"en":"country"},"position":2}]},{"id":"544f81184fe0634fa9000379","_id":"544f81184fe0634fa9000379","name":"songs","label":"Songs","type":"has_many","required":false,"localized":false,"unique":false,"position":3,"class_name":"Locomotive::ContentEntry544f81174fe0634fa900036a","inverse_of":"band","ui_enabled":true,"class_slug":"songs"}],"description":"List
        of bands","label_field_name":"name","order_by":"544f81174fe0634fa900035a","order_direction":"asc","order_by_field_name":"name","public_submission_enabled":false,"public_submission_account_emails":[]},{"id":"544f81174fe0634fa9000360","_id":"544f81174fe0634fa9000360","created_at":"2014-10-28T12:42:15+01:00","updated_at":"2014-10-28T12:42:15+01:00","name":"Events","slug":"events","entries_custom_fields":[{"id":"544f81174fe0634fa9000361","_id":"544f81174fe0634fa9000361","name":"place","label":"Place","type":"string","required":true,"localized":false,"unique":false,"hint":"Name
        of the place","position":0},{"id":"544f81174fe0634fa9000362","_id":"544f81174fe0634fa9000362","name":"date","label":"Date","type":"date","required":false,"localized":false,"unique":false,"hint":"Date
        of the event","position":1},{"id":"544f81174fe0634fa9000363","_id":"544f81174fe0634fa9000363","name":"city","label":"City
        of the event","type":"string","required":false,"localized":false,"unique":false,"position":2},{"id":"544f81174fe0634fa9000364","_id":"544f81174fe0634fa9000364","name":"state","label":"State
        of the event","type":"string","required":false,"localized":false,"unique":false,"position":3},{"id":"544f81174fe0634fa9000365","_id":"544f81174fe0634fa9000365","name":"notes","label":"Notes","type":"text","required":false,"localized":false,"unique":false,"position":4,"text_formatting":""}],"description":"List
        of upcoming events","label_field_name":"place","order_by":"created_at","order_direction":"asc","order_by_field_name":"created_at","public_submission_enabled":false,"public_submission_account_emails":[]},{"id":"544f81174fe0634fa9000366","_id":"544f81174fe0634fa9000366","created_at":"2014-10-28T12:42:15+01:00","updated_at":"2014-10-28T12:42:15+01:00","name":"Messages","slug":"messages","entries_custom_fields":[{"id":"544f81174fe0634fa9000367","_id":"544f81174fe0634fa9000367","name":"name","label":"Name","type":"string","required":true,"localized":false,"unique":false,"hint":"Full
        name","position":0},{"id":"544f81174fe0634fa9000368","_id":"544f81174fe0634fa9000368","name":"email","label":"Email","type":"string","required":true,"localized":false,"unique":false,"hint":"Email","position":1},{"id":"544f81174fe0634fa9000369","_id":"544f81174fe0634fa9000369","name":"message","label":"Message","type":"text","required":true,"localized":false,"unique":false,"hint":"Customer
        message","position":2,"text_formatting":""}],"description":"Messages posted
        by new potential customers","label_field_name":"name","order_by":"created_at","order_direction":"asc","order_by_field_name":"created_at","public_submission_enabled":true,"public_submission_account_emails":[]},{"id":"544f81174fe0634fa900036a","_id":"544f81174fe0634fa900036a","created_at":"2014-10-28T12:42:15+01:00","updated_at":"2014-10-28T12:42:16+01:00","name":"Songs","slug":"songs","entries_custom_fields":[{"id":"544f81174fe0634fa900036b","_id":"544f81174fe0634fa900036b","name":"title","label":"Title","type":"string","required":true,"localized":false,"unique":false,"hint":"Title
        of your song","position":0},{"id":"544f81184fe0634fa900037a","_id":"544f81184fe0634fa900037a","name":"band","label":"Band","type":"belongs_to","required":false,"localized":false,"unique":false,"position":1,"class_name":"Locomotive::ContentEntry544f81174fe0634fa9000359","ui_enabled":true,"class_slug":"bands"},{"id":"544f81174fe0634fa900036c","_id":"544f81174fe0634fa900036c","name":"cover","label":"Cover","type":"file","required":true,"localized":false,"unique":false,"position":2},{"id":"544f81174fe0634fa900036d","_id":"544f81174fe0634fa900036d","name":"short_description","label":"Short
        description","type":"text","required":false,"localized":false,"unique":false,"position":3,"text_formatting":"html"},{"id":"544f81174fe0634fa900036e","_id":"544f81174fe0634fa900036e","name":"audio_url","label":"Audio
        url","type":"string","required":false,"localized":false,"unique":false,"hint":"Url
        to a service like Blip for instance","position":4},{"id":"544f81174fe0634fa900036f","_id":"544f81174fe0634fa900036f","name":"duration","label":"Duration","type":"string","required":false,"localized":false,"unique":false,"hint":"format
        like: mm:ss","position":5}],"label_field_name":"title","order_by":"_position","order_direction":"asc","order_by_field_name":"_position","public_submission_enabled":false,"public_submission_account_emails":[]},{"id":"544f81184fe0634fa9000370","_id":"544f81184fe0634fa9000370","created_at":"2014-10-28T12:42:16+01:00","updated_at":"2014-10-28T12:42:16+01:00","name":"Updates","slug":"updates","entries_custom_fields":[{"id":"544f81184fe0634fa9000371","_id":"544f81184fe0634fa9000371","name":"title","label":"Title","type":"string","required":true,"localized":true,"unique":false,"hint":"Not
        displayed in the website","position":0},{"id":"544f81184fe0634fa9000372","_id":"544f81184fe0634fa9000372","name":"text","label":"Text","type":"text","required":false,"localized":true,"unique":false,"hint":"Text
        displayed in the home page","position":1,"text_formatting":"html"},{"id":"544f81184fe0634fa9000373","_id":"544f81184fe0634fa9000373","name":"category","label":"Category","type":"select","required":false,"localized":true,"unique":false,"hint":"Pick
        a category","position":2,"select_options":[{"_id":"544f81184fe0634fa9000375","name":"General","position":0,"id":"544f81184fe0634fa9000375"},{"_id":"544f81184fe0634fa9000376","name":"Gigs","position":1,"id":"544f81184fe0634fa9000376"},{"_id":"544f81184fe0634fa9000377","name":"Bands","position":2,"id":"544f81184fe0634fa9000377"},{"_id":"544f81184fe0634fa9000378","name":"Albums","position":3,"id":"544f81184fe0634fa9000378"}],"raw_select_options":[{"id":"544f81184fe0634fa9000375","name":{"en":"General","fr":"G\u00e9n\u00e9ral"},"position":2},{"id":"544f81184fe0634fa9000376","name":{"en":"Gigs","fr":"Concerts"},"position":2},{"id":"544f81184fe0634fa9000377","name":{"en":"Bands","fr":"Groupes"},"position":2},{"id":"544f81184fe0634fa9000378","name":{"en":"Albums"},"position":2}]},{"id":"544f81184fe0634fa9000374","_id":"544f81184fe0634fa9000374","name":"date","label":"Date","type":"date","required":false,"localized":false,"unique":false,"hint":"Date
        of the update","position":3}],"description":"List of updates","label_field_name":"title","order_by":"544f81184fe0634fa9000374","order_direction":"asc","order_by_field_name":"date","public_submission_enabled":false,"public_submission_account_emails":[]}]'
    http_version: 
  recorded_at: Tue, 28 Oct 2014 11:42:32 GMT
- request:
    method: get
    uri: http://sample.example.com:3000/locomotive/api/pages.json?auth_token=sdgp9LsjJPGxDSpi6RAs
    body:
      encoding: US-ASCII
      string: ''
    headers: {}
  response:
    status:
      code: 200
      message: OK
    headers:
      Date:
      - Tue, 28 Oct 2014 11:42:32 GMT
      Status:
      - 200 OK
      Connection:
      - close
      Content-Type:
      - application/json; charset=utf-8
      X-Ua-Compatible:
      - IE=Edge
      Etag:
      - '"af44172155aa42dd054a9eea99f022a9"'
      Cache-Control:
      - max-age=0, private, must-revalidate
      Set-Cookie:
      - _locomotive_session=SS3QLjpG6o2yixUM-y1hNNEx7EI; domain=.example.com; path=/;
        HttpOnly
      X-Request-Id:
      - 0e867ab72e90a5ed3629db9cda9a57e5
      X-Runtime:
      - '0.121741'
    body:
      encoding: UTF-8
      string: '[{"id":"544f81174fe0634fa9000354","_id":"544f81174fe0634fa9000354","created_at":"2014-10-28T12:42:15+01:00","updated_at":"2014-10-28T12:42:20+01:00","title":"Home
        page","slug":"index","position":0,"response_type":"text/html","cache_strategy":"none","redirect":false,"redirect_type":301,"listed":false,"published":true,"templatized":false,"templatized_from_parent":false,"fullpath":"index","localized_fullpaths":{"en":"","fr":"fr","nb":"nb"},"depth":0,"translated_in":["en","fr","nb"],"raw_template":"<!DOCTYPE
        html>\n<html lang=''en''>\n  <head>\n    <meta charset=''utf-8''>\n    <title>{{
        site.name }}</title>\n    <meta content=''{{ site.meta_description }}'' name=''description''>\n    <meta
        content=''{{ site.meta_keywords }}'' name=''keywords''>\n    <!-- Le HTML5
        shim, for IE6-8 support of HTML elements -->\n    <!--[if lt IE 9]>\n      <script
        src=\"http://html5shim.googlecode.com/svn/trunk/html5.js\"></script>\n    <![endif]-->\n    <link
        href=\"/fonts/chunkfive.css\" media=\"screen\" rel=\"stylesheet\" type=\"text/css\"
        />\n    <!-- Le styles -->\n    {{ ''reboot'' | stylesheet_tag }}\n    {{
        ''application'' | stylesheet_tag }}\n    <script src=''http://ajax.googleapis.com/ajax/libs/jquery/1.7.2/jquery.min.js''
        type=''text/javascript''></script>\n    {% inline_editor %}\n  </head>\n  <body>\n    <div
        class=''container''>\n      <div id=''menu''>\n        <div id=''nav''>\n          <li
        class=\"{% if page.fullpath == ''index'' %}on{% endif %} link\" id=''home''>\n            <a
        href=''/''>Home</a>\n          </li>\n          {% nav site, no_wrapper: true,
        exclude: ''events'' %}\n        </div>\n        <div class=''clear''></div>\n      </div>\n      <div
        id=''banner''>\n        {% block banner %}\n        <div class=''photo''>\n          <img
        src=\"{% editable_file ''Page image'', hint: ''Top banner image in each page
        (602px by 397px)'' %}/sites/544f81174fe0634fa9000352/assets/544f811b4fe0634fa900039b/photo.jpg{%
        endeditable_file %}\">\n        </div>\n        <div class=''text''>\n          {%
        editable_long_text ''pitch'' %}\n          <h2>About Us</h2>\n          <p>\n            Lorem
        ipsum dolor sit amet, consectetur adipiscing elit. Suspendisse vitae egestas
        neque. Proin ac ante ante, sit amet egestas purus. Fusce tincidunt mattis
        sapien eget sodales. Cras aliquet odio eu nisl dapibus placerat.\n            <br>\n            <a
        href=''/about_us''>read more...</a>\n          </p>\n          {% endeditable_long_text
        %}\n        </div>\n        {% endblock %}\n        <div class=''clear''></div>\n      </div>\n      <div
        id=''content''>\n        {% block content %}\n        <div class=''unit size1of2''
        id=''events''>\n          <h2>Upcoming events</h2>\n          <ul class=''list''>\n            {%
        for event in contents.events limit: 6 %}\n            <li>\n              <em>{{
        event.date | localized_date: ''%a, %B %d, %Y'' }}</em>\n              &nbsp;-&nbsp;\n              {{
        event.place }}, {{ event.city }}, {{ event.state }}\n            </li>\n            {%
        endfor %}\n          </ul>\n          <p class=''more''>\n            <a href=''/events''>See
        more events ...</a>\n          </p>\n        </div>\n        <div class=''unit
        size1of2'' id=''updates''>\n          <h2>Site updates</h2>\n          <ul
        class=''list''>\n            {% for update in contents.updates %}\n            <li>\n              <em>{{
        update.date | localized_date: ''%B %d'' }}</em>\n              &nbsp;-&nbsp;\n              {{
        update.title }}\n            </li>\n            {% endfor %}\n          </ul>\n        </div>\n        {%
        endblock %}\n        <div class=''clear''></div>\n      </div>\n      <div
        id=''footer''>\n        <p>{% locale_switcher %}</p>\n        <p>\n          Powered
        by <a href=\"http://www.locomotivecms.com\">LocomotiveCMS</a>. Designed by
        <a href=\"http://www.sachagreif.com\">Sacha Greif</a>.\n        </p>\n        <p>\n          All
        photos are licensed under Creative Commons. (see original ones <a href=''http://www.flickr.com/photos/38687875@N00/3391588262/''>here</a>
        or <a href=''http://www.flickr.com/photos/cool_dry_place/55454498/''>here</a>).\n        </p>\n      </div>\n    </div>\n    {%
        google_analytics ''UA-20661758-1'' %}\n  </body>\n</html>\n","escaped_raw_template":"&lt;!DOCTYPE
        html&gt;\n&lt;html lang=&#x27;en&#x27;&gt;\n  &lt;head&gt;\n    &lt;meta charset=&#x27;utf-8&#x27;&gt;\n    &lt;title&gt;{{
        site.name }}&lt;/title&gt;\n    &lt;meta content=&#x27;{{ site.meta_description
        }}&#x27; name=&#x27;description&#x27;&gt;\n    &lt;meta content=&#x27;{{ site.meta_keywords
        }}&#x27; name=&#x27;keywords&#x27;&gt;\n    &lt;!-- Le HTML5 shim, for IE6-8
        support of HTML elements --&gt;\n    &lt;!--[if lt IE 9]&gt;\n      &lt;script
        src=&quot;http://html5shim.googlecode.com/svn/trunk/html5.js&quot;&gt;&lt;/script&gt;\n    &lt;![endif]--&gt;\n    &lt;link
        href=&quot;/fonts/chunkfive.css&quot; media=&quot;screen&quot; rel=&quot;stylesheet&quot;
        type=&quot;text/css&quot; /&gt;\n    &lt;!-- Le styles --&gt;\n    {{ &#x27;reboot&#x27;
        | stylesheet_tag }}\n    {{ &#x27;application&#x27; | stylesheet_tag }}\n    &lt;script
        src=&#x27;http://ajax.googleapis.com/ajax/libs/jquery/1.7.2/jquery.min.js&#x27;
        type=&#x27;text/javascript&#x27;&gt;&lt;/script&gt;\n    {% inline_editor
        %}\n  &lt;/head&gt;\n  &lt;body&gt;\n    &lt;div class=&#x27;container&#x27;&gt;\n      &lt;div
        id=&#x27;menu&#x27;&gt;\n        &lt;div id=&#x27;nav&#x27;&gt;\n          &lt;li
        class=&quot;{% if page.fullpath == &#x27;index&#x27; %}on{% endif %} link&quot;
        id=&#x27;home&#x27;&gt;\n            &lt;a href=&#x27;/&#x27;&gt;Home&lt;/a&gt;\n          &lt;/li&gt;\n          {%
        nav site, no_wrapper: true, exclude: &#x27;events&#x27; %}\n        &lt;/div&gt;\n        &lt;div
        class=&#x27;clear&#x27;&gt;&lt;/div&gt;\n      &lt;/div&gt;\n      &lt;div
        id=&#x27;banner&#x27;&gt;\n        {% block banner %}\n        &lt;div class=&#x27;photo&#x27;&gt;\n          &lt;img
        src=&quot;{% editable_file &#x27;Page image&#x27;, hint: &#x27;Top banner
        image in each page (602px by 397px)&#x27; %}/sites/544f81174fe0634fa9000352/assets/544f811b4fe0634fa900039b/photo.jpg{%
        endeditable_file %}&quot;&gt;\n        &lt;/div&gt;\n        &lt;div class=&#x27;text&#x27;&gt;\n          {%
        editable_long_text &#x27;pitch&#x27; %}\n          &lt;h2&gt;About Us&lt;/h2&gt;\n          &lt;p&gt;\n            Lorem
        ipsum dolor sit amet, consectetur adipiscing elit. Suspendisse vitae egestas
        neque. Proin ac ante ante, sit amet egestas purus. Fusce tincidunt mattis
        sapien eget sodales. Cras aliquet odio eu nisl dapibus placerat.\n            &lt;br&gt;\n            &lt;a
        href=&#x27;/about_us&#x27;&gt;read more...&lt;/a&gt;\n          &lt;/p&gt;\n          {%
        endeditable_long_text %}\n        &lt;/div&gt;\n        {% endblock %}\n        &lt;div
        class=&#x27;clear&#x27;&gt;&lt;/div&gt;\n      &lt;/div&gt;\n      &lt;div
        id=&#x27;content&#x27;&gt;\n        {% block content %}\n        &lt;div class=&#x27;unit
        size1of2&#x27; id=&#x27;events&#x27;&gt;\n          &lt;h2&gt;Upcoming events&lt;/h2&gt;\n          &lt;ul
        class=&#x27;list&#x27;&gt;\n            {% for event in contents.events limit:
        6 %}\n            &lt;li&gt;\n              &lt;em&gt;{{ event.date | localized_date:
        &#x27;%a, %B %d, %Y&#x27; }}&lt;/em&gt;\n              &amp;nbsp;-&amp;nbsp;\n              {{
        event.place }}, {{ event.city }}, {{ event.state }}\n            &lt;/li&gt;\n            {%
        endfor %}\n          &lt;/ul&gt;\n          &lt;p class=&#x27;more&#x27;&gt;\n            &lt;a
        href=&#x27;/events&#x27;&gt;See more events ...&lt;/a&gt;\n          &lt;/p&gt;\n        &lt;/div&gt;\n        &lt;div
        class=&#x27;unit size1of2&#x27; id=&#x27;updates&#x27;&gt;\n          &lt;h2&gt;Site
        updates&lt;/h2&gt;\n          &lt;ul class=&#x27;list&#x27;&gt;\n            {%
        for update in contents.updates %}\n            &lt;li&gt;\n              &lt;em&gt;{{
        update.date | localized_date: &#x27;%B %d&#x27; }}&lt;/em&gt;\n              &amp;nbsp;-&amp;nbsp;\n              {{
        update.title }}\n            &lt;/li&gt;\n            {% endfor %}\n          &lt;/ul&gt;\n        &lt;/div&gt;\n        {%
        endblock %}\n        &lt;div class=&#x27;clear&#x27;&gt;&lt;/div&gt;\n      &lt;/div&gt;\n      &lt;div
        id=&#x27;footer&#x27;&gt;\n        &lt;p&gt;{% locale_switcher %}&lt;/p&gt;\n        &lt;p&gt;\n          Powered
        by &lt;a href=&quot;http://www.locomotivecms.com&quot;&gt;LocomotiveCMS&lt;/a&gt;.
        Designed by &lt;a href=&quot;http://www.sachagreif.com&quot;&gt;Sacha Greif&lt;/a&gt;.\n        &lt;/p&gt;\n        &lt;p&gt;\n          All
        photos are licensed under Creative Commons. (see original ones &lt;a href=&#x27;http://www.flickr.com/photos/38687875@N00/3391588262/&#x27;&gt;here&lt;/a&gt;
        or &lt;a href=&#x27;http://www.flickr.com/photos/cool_dry_place/55454498/&#x27;&gt;here&lt;/a&gt;).\n        &lt;/p&gt;\n      &lt;/div&gt;\n    &lt;/div&gt;\n    {%
        google_analytics &#x27;UA-20661758-1&#x27; %}\n  &lt;/body&gt;\n&lt;/html&gt;\n","editable_elements":[{"id":"544f811b4fe0634fa900039c","_id":"544f811b4fe0634fa900039c","created_at":"2014-10-28T12:42:19+01:00","updated_at":"2014-10-28T12:42:20+01:00","slug":"Page
        image","block":"banner","hint":"Top banner image in each page (602px by 397px)","priority":0,"label":"Page
        image","type":"EditableFile","block_name":"Banner","from_parent":false,"disabled":false,"content":"/sites/544f81174fe0634fa9000352/assets/544f811b4fe0634fa900039b/photo.jpg","url":"/sites/544f81174fe0634fa9000352/assets/544f811b4fe0634fa900039b/photo.jpg","filename":"photo.jpg"},{"id":"544f811b4fe0634fa900039d","_id":"544f811b4fe0634fa900039d","created_at":"2014-10-28T12:42:19+01:00","updated_at":"2014-10-28T12:42:20+01:00","slug":"pitch","block":"banner","hint":null,"priority":0,"label":"Pitch","type":"EditableText","block_name":"Banner","from_parent":false,"disabled":false,"content":"<h2>About
        Us</h2>\n          <p>\n            Lorem ipsum dolor sit amet, consectetur
        adipiscing elit. Suspendisse vitae egestas neque. Proin ac ante ante, sit
        amet egestas purus. Fusce tincidunt mattis sapien eget sodales. Cras aliquet
        odio eu nisl dapibus placerat.\n            <br>\n            <a href=''/about_us''>read
        more...</a>\n          </p>","default_content":true,"format":"html","line_break":true,"rows":15}]},{"id":"544f811b4fe0634fa900039e","_id":"544f811b4fe0634fa900039e","created_at":"2014-10-28T12:42:19+01:00","updated_at":"2014-10-28T12:42:21+01:00","title":"About
        Us","slug":"about-us","parent_id":"544f81174fe0634fa9000354","position":1,"response_type":"text/html","cache_strategy":"none","redirect":false,"redirect_type":301,"listed":true,"published":true,"templatized":false,"templatized_from_parent":false,"fullpath":"about-us","localized_fullpaths":{"en":"about-us","fr":"fr/a-notre-sujet","nb":"nb/om-oss"},"depth":1,"translated_in":["en","fr","nb"],"raw_template":"{%
        extends parent %}\n{% block content %}\n{% editable_long_text ''content''
        %}\n<p>\n  Lorem ipsum dolor sit amet, consectetur adipiscing elit. Curabitur
        vitae tincidunt urna. Nunc felis purus, ultricies et venenatis bibendum, fringilla
        eu lectus. Sed cursus, sem at blandit mattis, libero quam egestas tortor,
        eget cursus dolor tellus id nunc. Quisque mauris diam, tincidunt in commodo
        sed, feugiat eu nibh. Nulla erat nunc, dapibus vel eleifend et, egestas sed
        quam. Vestibulum mollis eros at dolor vulputate vel sollicitudin enim convallis.
        Etiam velit nisi, rutrum vel sagittis facilisis, pretium id lorem. Cum sociis
        natoque penatibus et magnis dis parturient montes, nascetur ridiculus mus.
        Pellentesque mauris nisl, consequat sed tincidunt nec, lacinia in odio. In
        hac habitasse platea dictumst. Nam semper libero aliquam turpis gravida vel
        varius erat vulputate. Integer consequat ipsum vitae augue porttitor ullamcorper.
        Nam vulputate aliquet ante at gravida. Vestibulum luctus urna et dui hendrerit
        eu suscipit velit varius. Sed ornare eleifend sem, vitae pharetra dolor sodales
        egestas. Mauris lobortis hendrerit odio, vitae porttitor urna rutrum at. Ut
        at lectus erat, nec dictum dolor. Praesent in sapien interdum nibh euismod
        vestibulum. Vestibulum tincidunt pulvinar accumsan.\n</p>\n{% endeditable_long_text
        %}\n{% endblock %}\n","escaped_raw_template":"{% extends parent %}\n{% block
        content %}\n{% editable_long_text &#x27;content&#x27; %}\n&lt;p&gt;\n  Lorem
        ipsum dolor sit amet, consectetur adipiscing elit. Curabitur vitae tincidunt
        urna. Nunc felis purus, ultricies et venenatis bibendum, fringilla eu lectus.
        Sed cursus, sem at blandit mattis, libero quam egestas tortor, eget cursus
        dolor tellus id nunc. Quisque mauris diam, tincidunt in commodo sed, feugiat
        eu nibh. Nulla erat nunc, dapibus vel eleifend et, egestas sed quam. Vestibulum
        mollis eros at dolor vulputate vel sollicitudin enim convallis. Etiam velit
        nisi, rutrum vel sagittis facilisis, pretium id lorem. Cum sociis natoque
        penatibus et magnis dis parturient montes, nascetur ridiculus mus. Pellentesque
        mauris nisl, consequat sed tincidunt nec, lacinia in odio. In hac habitasse
        platea dictumst. Nam semper libero aliquam turpis gravida vel varius erat
        vulputate. Integer consequat ipsum vitae augue porttitor ullamcorper. Nam
        vulputate aliquet ante at gravida. Vestibulum luctus urna et dui hendrerit
        eu suscipit velit varius. Sed ornare eleifend sem, vitae pharetra dolor sodales
        egestas. Mauris lobortis hendrerit odio, vitae porttitor urna rutrum at. Ut
        at lectus erat, nec dictum dolor. Praesent in sapien interdum nibh euismod
        vestibulum. Vestibulum tincidunt pulvinar accumsan.\n&lt;/p&gt;\n{% endeditable_long_text
        %}\n{% endblock %}\n","editable_elements":[{"id":"544f811b4fe0634fa900039f","_id":"544f811b4fe0634fa900039f","created_at":"2014-10-28T12:42:19+01:00","updated_at":"2014-10-28T12:42:21+01:00","slug":"Page
        image","block":"banner","hint":"Top banner image in each page (602px by 397px)","priority":0,"label":"Page
        image","type":"EditableFile","block_name":"Banner","from_parent":true,"disabled":false,"content":"/sites/544f81174fe0634fa9000352/assets/544f811b4fe0634fa900039b/photo.jpg","url":"/sites/544f81174fe0634fa9000352/assets/544f811b4fe0634fa900039b/photo.jpg","filename":"photo.jpg"},{"id":"544f811b4fe0634fa90003a0","_id":"544f811b4fe0634fa90003a0","created_at":"2014-10-28T12:42:19+01:00","updated_at":"2014-10-28T12:42:21+01:00","slug":"pitch","block":"banner","hint":null,"priority":0,"label":"Pitch","type":"EditableText","block_name":"Banner","from_parent":true,"disabled":false,"content":"<h2>About
        us</h2><p>Lorem ipsum...</p>","default_content":false,"format":"html","line_break":true,"rows":15},{"id":"544f811b4fe0634fa90003a1","_id":"544f811b4fe0634fa90003a1","created_at":"2014-10-28T12:42:19+01:00","updated_at":"2014-10-28T12:42:21+01:00","slug":"content","block":"content","hint":null,"priority":0,"label":"Content","type":"EditableText","block_name":"Content","from_parent":false,"disabled":false,"content":"<p>\n  Lorem
        ipsum dolor sit amet, consectetur adipiscing elit. Curabitur vitae tincidunt
        urna. Nunc felis purus, ultricies et venenatis bibendum, fringilla eu lectus.
        Sed cursus, sem at blandit mattis, libero quam egestas tortor, eget cursus
        dolor tellus id nunc. Quisque mauris diam, tincidunt in commodo sed, feugiat
        eu nibh. Nulla erat nunc, dapibus vel eleifend et, egestas sed quam. Vestibulum
        mollis eros at dolor vulputate vel sollicitudin enim convallis. Etiam velit
        nisi, rutrum vel sagittis facilisis, pretium id lorem. Cum sociis natoque
        penatibus et magnis dis parturient montes, nascetur ridiculus mus. Pellentesque
        mauris nisl, consequat sed tincidunt nec, lacinia in odio. In hac habitasse
        platea dictumst. Nam semper libero aliquam turpis gravida vel varius erat
        vulputate. Integer consequat ipsum vitae augue porttitor ullamcorper. Nam
        vulputate aliquet ante at gravida. Vestibulum luctus urna et dui hendrerit
        eu suscipit velit varius. Sed ornare eleifend sem, vitae pharetra dolor sodales
        egestas. Mauris lobortis hendrerit odio, vitae porttitor urna rutrum at. Ut
        at lectus erat, nec dictum dolor. Praesent in sapien interdum nibh euismod
        vestibulum. Vestibulum tincidunt pulvinar accumsan.\n</p>","default_content":true,"format":"html","line_break":true,"rows":15}]},{"id":"544f811b4fe0634fa90003a2","_id":"544f811b4fe0634fa90003a2","created_at":"2014-10-28T12:42:19+01:00","updated_at":"2014-10-28T12:42:21+01:00","title":"John-doe","slug":"john-doe","parent_id":"544f811b4fe0634fa900039e","position":1,"response_type":"text/html","cache_strategy":"none","redirect":false,"redirect_type":301,"listed":false,"published":true,"templatized":false,"templatized_from_parent":false,"fullpath":"about-us/john-doe","localized_fullpaths":{"en":"about-us/john-doe","fr":"fr/a-notre-sujet/jean-personne","nb":"nb/om-oss/john-doe"},"depth":2,"translated_in":["en","fr"],"raw_template":"{%
        extends parent %}\n","escaped_raw_template":"{% extends parent %}\n","editable_elements":[{"id":"544f811b4fe0634fa90003a3","_id":"544f811b4fe0634fa90003a3","created_at":"2014-10-28T12:42:19+01:00","updated_at":"2014-10-28T12:42:20+01:00","slug":"Page
        image","block":"banner","hint":"Top banner image in each page (602px by 397px)","priority":0,"label":"Page
        image","type":"EditableFile","block_name":"Banner","from_parent":true,"disabled":false,"content":"/sites/544f81174fe0634fa9000352/assets/544f811b4fe0634fa900039b/photo.jpg","url":"/sites/544f81174fe0634fa9000352/assets/544f811b4fe0634fa900039b/photo.jpg","filename":"photo.jpg"},{"id":"544f811b4fe0634fa90003a4","_id":"544f811b4fe0634fa90003a4","created_at":"2014-10-28T12:42:19+01:00","updated_at":"2014-10-28T12:42:20+01:00","slug":"pitch","block":"banner","hint":null,"priority":0,"label":"Pitch","type":"EditableText","block_name":"Banner","from_parent":true,"disabled":false,"content":"<h2>About
        us</h2><p>Lorem ipsum...</p>","default_content":false,"format":"html","line_break":true,"rows":15},{"id":"544f811b4fe0634fa90003a5","_id":"544f811b4fe0634fa90003a5","created_at":"2014-10-28T12:42:19+01:00","updated_at":"2014-10-28T12:42:20+01:00","slug":"content","block":"content","hint":null,"priority":0,"label":"Content","type":"EditableText","block_name":"Content","from_parent":true,"disabled":false,"content":"<p>\n  Lorem
        ipsum dolor sit amet, consectetur adipiscing elit. Curabitur vitae tincidunt
        urna. Nunc felis purus, ultricies et venenatis bibendum, fringilla eu lectus.
        Sed cursus, sem at blandit mattis, libero quam egestas tortor, eget cursus
        dolor tellus id nunc. Quisque mauris diam, tincidunt in commodo sed, feugiat
        eu nibh. Nulla erat nunc, dapibus vel eleifend et, egestas sed quam. Vestibulum
        mollis eros at dolor vulputate vel sollicitudin enim convallis. Etiam velit
        nisi, rutrum vel sagittis facilisis, pretium id lorem. Cum sociis natoque
        penatibus et magnis dis parturient montes, nascetur ridiculus mus. Pellentesque
        mauris nisl, consequat sed tincidunt nec, lacinia in odio. In hac habitasse
        platea dictumst. Nam semper libero aliquam turpis gravida vel varius erat
        vulputate. Integer consequat ipsum vitae augue porttitor ullamcorper. Nam
        vulputate aliquet ante at gravida. Vestibulum luctus urna et dui hendrerit
        eu suscipit velit varius. Sed ornare eleifend sem, vitae pharetra dolor sodales
        egestas. Mauris lobortis hendrerit odio, vitae porttitor urna rutrum at. Ut
        at lectus erat, nec dictum dolor. Praesent in sapien interdum nibh euismod
        vestibulum. Vestibulum tincidunt pulvinar accumsan.\n</p>","default_content":true,"format":"html","line_break":true,"rows":15}]},{"id":"544f811b4fe0634fa90003aa","_id":"544f811b4fe0634fa90003aa","created_at":"2014-10-28T12:42:19+01:00","updated_at":"2014-10-28T12:42:20+01:00","title":"Music","slug":"music","parent_id":"544f81174fe0634fa9000354","position":2,"response_type":"text/html","cache_strategy":"none","redirect":false,"redirect_type":301,"listed":true,"published":true,"templatized":false,"templatized_from_parent":false,"fullpath":"music","localized_fullpaths":{"en":"music","fr":"fr/music","nb":"nb/music"},"depth":1,"translated_in":["en"],"raw_template":"{%
        extends parent %}\n{% block content %}\n{% editable_long_text ''introduction''
        %}\n<p>\n  Lorem ipsum dolor sit amet, consectetur adipiscing elit. Curabitur
        vitae tincidunt urna. Nunc felis purus, ultricies et venenatis bibendum, fringilla
        eu lectus. Sed cursus, sem at blandit mattis, libero quam egestas tortor,
        eget cursus dolor tellus id nunc. Quisque mauris diam, tincidunt in commodo
        sed, feugiat eu nibh. Nulla erat nunc, dapibus vel eleifend et, egestas sed
        quam. Vestibulum mollis eros at dolor vulputate vel sollicitudin enim convallis.
        Etiam velit nisi, rutrum vel sagittis facilisis, pretium id lorem.\n</p>\n{%
        endeditable_long_text %}\n<div class=''unit size1of2''>\n  <ul class=''songs''>\n    {%
        for song in contents.songs limit: 4 offset: 0 %}\n    {% include ''song''
        with song %}\n    {% endfor %}\n  </ul>\n</div>\n<div class=''unit size1of2''>\n  <ul
        class=''songs''>\n    {% for song in contents.songs offset: 4 %}\n    {% include
        ''song'' with song %}\n    {% endfor %}\n  </ul>\n</div>\n{% endblock %}\n","escaped_raw_template":"{%
        extends parent %}\n{% block content %}\n{% editable_long_text &#x27;introduction&#x27;
        %}\n&lt;p&gt;\n  Lorem ipsum dolor sit amet, consectetur adipiscing elit.
        Curabitur vitae tincidunt urna. Nunc felis purus, ultricies et venenatis bibendum,
        fringilla eu lectus. Sed cursus, sem at blandit mattis, libero quam egestas
        tortor, eget cursus dolor tellus id nunc. Quisque mauris diam, tincidunt in
        commodo sed, feugiat eu nibh. Nulla erat nunc, dapibus vel eleifend et, egestas
        sed quam. Vestibulum mollis eros at dolor vulputate vel sollicitudin enim
        convallis. Etiam velit nisi, rutrum vel sagittis facilisis, pretium id lorem.\n&lt;/p&gt;\n{%
        endeditable_long_text %}\n&lt;div class=&#x27;unit size1of2&#x27;&gt;\n  &lt;ul
        class=&#x27;songs&#x27;&gt;\n    {% for song in contents.songs limit: 4 offset:
        0 %}\n    {% include &#x27;song&#x27; with song %}\n    {% endfor %}\n  &lt;/ul&gt;\n&lt;/div&gt;\n&lt;div
        class=&#x27;unit size1of2&#x27;&gt;\n  &lt;ul class=&#x27;songs&#x27;&gt;\n    {%
        for song in contents.songs offset: 4 %}\n    {% include &#x27;song&#x27; with
        song %}\n    {% endfor %}\n  &lt;/ul&gt;\n&lt;/div&gt;\n{% endblock %}\n","editable_elements":[{"id":"544f811b4fe0634fa90003ab","_id":"544f811b4fe0634fa90003ab","created_at":"2014-10-28T12:42:19+01:00","updated_at":"2014-10-28T12:42:19+01:00","slug":"Page
        image","block":"banner","hint":"Top banner image in each page (602px by 397px)","priority":0,"label":"Page
        image","type":"EditableFile","block_name":"Banner","from_parent":true,"disabled":false,"content":"/sites/544f81174fe0634fa9000352/assets/544f811b4fe0634fa900039b/photo.jpg","url":"/sites/544f81174fe0634fa9000352/assets/544f811b4fe0634fa900039b/photo.jpg","filename":"photo.jpg"},{"id":"544f811b4fe0634fa90003ac","_id":"544f811b4fe0634fa90003ac","created_at":"2014-10-28T12:42:19+01:00","updated_at":"2014-10-28T12:42:19+01:00","slug":"pitch","block":"banner","hint":null,"priority":0,"label":"Pitch","type":"EditableText","block_name":"Banner","from_parent":true,"disabled":false,"content":"<h2>About
        Us</h2>\n          <p>\n            Lorem ipsum dolor sit amet, consectetur
        adipiscing elit. Suspendisse vitae egestas neque. Proin ac ante ante, sit
        amet egestas purus. Fusce tincidunt mattis sapien eget sodales. Cras aliquet
        odio eu nisl dapibus placerat.\n            <br>\n            <a href=''/about_us''>read
        more...</a>\n          </p>","default_content":true,"format":"html","line_break":true,"rows":15},{"id":"544f811b4fe0634fa90003ad","_id":"544f811b4fe0634fa90003ad","created_at":"2014-10-28T12:42:19+01:00","updated_at":"2014-10-28T12:42:19+01:00","slug":"introduction","block":"content","hint":null,"priority":0,"label":"Introduction","type":"EditableText","block_name":"Content","from_parent":false,"disabled":false,"content":"<p>\n  Lorem
        ipsum dolor sit amet, consectetur adipiscing elit. Curabitur vitae tincidunt
        urna. Nunc felis purus, ultricies et venenatis bibendum, fringilla eu lectus.
        Sed cursus, sem at blandit mattis, libero quam egestas tortor, eget cursus
        dolor tellus id nunc. Quisque mauris diam, tincidunt in commodo sed, feugiat
        eu nibh. Nulla erat nunc, dapibus vel eleifend et, egestas sed quam. Vestibulum
        mollis eros at dolor vulputate vel sollicitudin enim convallis. Etiam velit
        nisi, rutrum vel sagittis facilisis, pretium id lorem.\n</p>","default_content":true,"format":"html","line_break":true,"rows":15}]},{"id":"544f811b4fe0634fa90003a6","_id":"544f811b4fe0634fa90003a6","created_at":"2014-10-28T12:42:19+01:00","updated_at":"2014-10-28T12:42:21+01:00","title":"Jane-doe","slug":"jane-doe","parent_id":"544f811b4fe0634fa900039e","position":2,"response_type":"text/html","cache_strategy":"none","redirect":false,"redirect_type":301,"listed":false,"published":true,"templatized":false,"templatized_from_parent":false,"fullpath":"about-us/jane-doe","localized_fullpaths":{"en":"about-us/jane-doe","fr":"fr/a-notre-sujet/jane-doe","nb":"nb/om-oss/jane-doe"},"depth":2,"translated_in":["en"],"raw_template":"{%
        extends parent %}\n","escaped_raw_template":"{% extends parent %}\n","editable_elements":[{"id":"544f811b4fe0634fa90003a7","_id":"544f811b4fe0634fa90003a7","created_at":"2014-10-28T12:42:19+01:00","updated_at":"2014-10-28T12:42:19+01:00","slug":"Page
        image","block":"banner","hint":"Top banner image in each page (602px by 397px)","priority":0,"label":"Page
        image","type":"EditableFile","block_name":"Banner","from_parent":true,"disabled":false,"content":"/sites/544f81174fe0634fa9000352/assets/544f811b4fe0634fa900039b/photo.jpg","url":"/sites/544f81174fe0634fa9000352/assets/544f811b4fe0634fa900039b/photo.jpg","filename":"photo.jpg"},{"id":"544f811b4fe0634fa90003a8","_id":"544f811b4fe0634fa90003a8","created_at":"2014-10-28T12:42:19+01:00","updated_at":"2014-10-28T12:42:19+01:00","slug":"pitch","block":"banner","hint":null,"priority":0,"label":"Pitch","type":"EditableText","block_name":"Banner","from_parent":true,"disabled":false,"content":"<h2>About
        us</h2><p>Lorem ipsum...</p>","default_content":false,"format":"html","line_break":true,"rows":15},{"id":"544f811b4fe0634fa90003a9","_id":"544f811b4fe0634fa90003a9","created_at":"2014-10-28T12:42:19+01:00","updated_at":"2014-10-28T12:42:19+01:00","slug":"content","block":"content","hint":null,"priority":0,"label":"Content","type":"EditableText","block_name":"Content","from_parent":true,"disabled":false,"content":"<p>\n  Lorem
        ipsum dolor sit amet, consectetur adipiscing elit. Curabitur vitae tincidunt
        urna. Nunc felis purus, ultricies et venenatis bibendum, fringilla eu lectus.
        Sed cursus, sem at blandit mattis, libero quam egestas tortor, eget cursus
        dolor tellus id nunc. Quisque mauris diam, tincidunt in commodo sed, feugiat
        eu nibh. Nulla erat nunc, dapibus vel eleifend et, egestas sed quam. Vestibulum
        mollis eros at dolor vulputate vel sollicitudin enim convallis. Etiam velit
        nisi, rutrum vel sagittis facilisis, pretium id lorem. Cum sociis natoque
        penatibus et magnis dis parturient montes, nascetur ridiculus mus. Pellentesque
        mauris nisl, consequat sed tincidunt nec, lacinia in odio. In hac habitasse
        platea dictumst. Nam semper libero aliquam turpis gravida vel varius erat
        vulputate. Integer consequat ipsum vitae augue porttitor ullamcorper. Nam
        vulputate aliquet ante at gravida. Vestibulum luctus urna et dui hendrerit
        eu suscipit velit varius. Sed ornare eleifend sem, vitae pharetra dolor sodales
        egestas. Mauris lobortis hendrerit odio, vitae porttitor urna rutrum at. Ut
        at lectus erat, nec dictum dolor. Praesent in sapien interdum nibh euismod
        vestibulum. Vestibulum tincidunt pulvinar accumsan.\n</p>","default_content":true,"format":"html","line_break":true,"rows":15}]},{"id":"544f811b4fe0634fa90003ae","_id":"544f811b4fe0634fa90003ae","created_at":"2014-10-28T12:42:19+01:00","updated_at":"2014-10-28T12:42:21+01:00","title":"Store","slug":"store","parent_id":"544f81174fe0634fa9000354","position":3,"response_type":"text/html","cache_strategy":"none","redirect":true,"redirect_url":"http://www.apple.com/en/itunes/","redirect_type":301,"listed":true,"published":true,"templatized":false,"templatized_from_parent":false,"fullpath":"store","localized_fullpaths":{"en":"store","fr":"fr/magasin","nb":"nb/store"},"depth":1,"translated_in":["en","fr"],"raw_template":"","escaped_raw_template":"","editable_elements":[]},{"id":"544f811b4fe0634fa90003af","_id":"544f811b4fe0634fa90003af","created_at":"2014-10-28T12:42:19+01:00","updated_at":"2014-10-28T12:42:21+01:00","title":"Contact
        Us","slug":"contact","parent_id":"544f81174fe0634fa9000354","position":4,"response_type":"text/html","cache_strategy":"none","redirect":false,"redirect_type":301,"listed":true,"published":true,"templatized":false,"templatized_from_parent":false,"fullpath":"contact","localized_fullpaths":{"en":"contact","fr":"fr/contact","nb":"nb/contact"},"depth":1,"translated_in":["en"],"raw_template":"{%
        extends ''parent'' %}\n{% block content %}\n<div class=''text''>\n  {% editable_long_text
        ''text'' %}\n  <p>\n    Ut imperdiet velit eu metus semper tristique. Vivamus
        risus nisi, tincidunt et euismod a, auctor pretium eros. Vestibulum sed magna
        et velit pulvinar euismod. Lorem ipsum dolor sit amet, consectetur adipiscing
        elit. Aenean sed velit quis nisl blandit vulputate id non tortor. Mauris nec
        placerat massa. Vivamus sed odio non ligula pharetra pretium. Ut convallis,
        purus et lobortis suscipit, mauris orci ullamcorper lectus, nec vulputate
        turpis mauris sed augue. Maecenas faucibus ultricies nisl, non ullamcorper
        justo bibendum nec. Duis vitae mauris condimentum risus commodo mattis vel
        sed libero. Fusce diam elit, porta id vestibulum ut, aliquet mattis neque.\n  </p>\n  {%
        endeditable_long_text %}\n</div>\n<form action=''{{ contents.messages.public_submission_url
        }}.json'' id=''contactform'' method=''post'' name=''contact''>\n  <!-- %input{
        type: ''hidden'', name: ''success_callback'', value: ''/events'' } -->\n  <!--
        %input{ type: ''hidden'', name: ''error_callback'', value: ''/contact'' }
        -->\n  <p>\n    <label for=''name''>Name</label>\n    <input id=''name'' name=''content[name]''
        placeholder=''First and last name'' required=''required'' tabindex=''1'' type=''text''
        value=''{{ message.name }}''>\n    <span>{{ message.errors.name }}</span>\n  </p>\n  <p>\n    <label
        for=''email''>Email</label>\n    <input id=''email'' name=''content[email]''
        placeholder=''example@domain.com'' required=''required'' tabindex=''2'' type=''text''
        value=''{{ message.email }}''>\n    <span>{{ message.errors.email }}</span>\n  </p>\n  <p>\n    <label
        for=''comment''>Your Message</label>\n    <textarea id=''comment'' name=''content[message]''
        required=''required'' tabindex=''3''>{{ message.message }}</textarea>\n    <span>{{
        message.errors.message }}</span>\n  </p>\n  <p class=''action''>\n    <input
        name=''submit'' tabindex=''4'' type=''submit'' value=''Send Message''>\n  </p>\n</form>\n<script>\n  $(document).ready(function()
        {\n    var form = $(''form[name=contact]'');\n    form.submit(function(e)
        {\n      e.stopPropagation();\n      e.preventDefault();\n      $.post(form.attr(''action''),\n        form.serializeArray(),\n        function()
        {\n          alert(\"Thank you ! Your message have been received\");\n        },
        \"json\").error(function(response) {\n          alert(\"We are sorry but we
        were unable to treat your message. Please try later.\");\n        });\n    });\n  });\n</script>\n{%
        endblock %}\n","escaped_raw_template":"{% extends &#x27;parent&#x27; %}\n{%
        block content %}\n&lt;div class=&#x27;text&#x27;&gt;\n  {% editable_long_text
        &#x27;text&#x27; %}\n  &lt;p&gt;\n    Ut imperdiet velit eu metus semper tristique.
        Vivamus risus nisi, tincidunt et euismod a, auctor pretium eros. Vestibulum
        sed magna et velit pulvinar euismod. Lorem ipsum dolor sit amet, consectetur
        adipiscing elit. Aenean sed velit quis nisl blandit vulputate id non tortor.
        Mauris nec placerat massa. Vivamus sed odio non ligula pharetra pretium. Ut
        convallis, purus et lobortis suscipit, mauris orci ullamcorper lectus, nec
        vulputate turpis mauris sed augue. Maecenas faucibus ultricies nisl, non ullamcorper
        justo bibendum nec. Duis vitae mauris condimentum risus commodo mattis vel
        sed libero. Fusce diam elit, porta id vestibulum ut, aliquet mattis neque.\n  &lt;/p&gt;\n  {%
        endeditable_long_text %}\n&lt;/div&gt;\n&lt;form action=&#x27;{{ contents.messages.public_submission_url
        }}.json&#x27; id=&#x27;contactform&#x27; method=&#x27;post&#x27; name=&#x27;contact&#x27;&gt;\n  &lt;!--
        %input{ type: &#x27;hidden&#x27;, name: &#x27;success_callback&#x27;, value:
        &#x27;/events&#x27; } --&gt;\n  &lt;!-- %input{ type: &#x27;hidden&#x27;,
        name: &#x27;error_callback&#x27;, value: &#x27;/contact&#x27; } --&gt;\n  &lt;p&gt;\n    &lt;label
        for=&#x27;name&#x27;&gt;Name&lt;/label&gt;\n    &lt;input id=&#x27;name&#x27;
        name=&#x27;content[name]&#x27; placeholder=&#x27;First and last name&#x27;
        required=&#x27;required&#x27; tabindex=&#x27;1&#x27; type=&#x27;text&#x27;
        value=&#x27;{{ message.name }}&#x27;&gt;\n    &lt;span&gt;{{ message.errors.name
        }}&lt;/span&gt;\n  &lt;/p&gt;\n  &lt;p&gt;\n    &lt;label for=&#x27;email&#x27;&gt;Email&lt;/label&gt;\n    &lt;input
        id=&#x27;email&#x27; name=&#x27;content[email]&#x27; placeholder=&#x27;example@domain.com&#x27;
        required=&#x27;required&#x27; tabindex=&#x27;2&#x27; type=&#x27;text&#x27;
        value=&#x27;{{ message.email }}&#x27;&gt;\n    &lt;span&gt;{{ message.errors.email
        }}&lt;/span&gt;\n  &lt;/p&gt;\n  &lt;p&gt;\n    &lt;label for=&#x27;comment&#x27;&gt;Your
        Message&lt;/label&gt;\n    &lt;textarea id=&#x27;comment&#x27; name=&#x27;content[message]&#x27;
        required=&#x27;required&#x27; tabindex=&#x27;3&#x27;&gt;{{ message.message
        }}&lt;/textarea&gt;\n    &lt;span&gt;{{ message.errors.message }}&lt;/span&gt;\n  &lt;/p&gt;\n  &lt;p
        class=&#x27;action&#x27;&gt;\n    &lt;input name=&#x27;submit&#x27; tabindex=&#x27;4&#x27;
        type=&#x27;submit&#x27; value=&#x27;Send Message&#x27;&gt;\n  &lt;/p&gt;\n&lt;/form&gt;\n&lt;script&gt;\n  $(document).ready(function()
        {\n    var form = $(&#x27;form[name=contact]&#x27;);\n    form.submit(function(e)
        {\n      e.stopPropagation();\n      e.preventDefault();\n      $.post(form.attr(&#x27;action&#x27;),\n        form.serializeArray(),\n        function()
        {\n          alert(&quot;Thank you ! Your message have been received&quot;);\n        },
        &quot;json&quot;).error(function(response) {\n          alert(&quot;We are
        sorry but we were unable to treat your message. Please try later.&quot;);\n        });\n    });\n  });\n&lt;/script&gt;\n{%
        endblock %}\n","editable_elements":[{"id":"544f811b4fe0634fa90003b0","_id":"544f811b4fe0634fa90003b0","created_at":"2014-10-28T12:42:19+01:00","updated_at":"2014-10-28T12:42:19+01:00","slug":"Page
        image","block":"banner","hint":"Top banner image in each page (602px by 397px)","priority":0,"label":"Page
        image","type":"EditableFile","block_name":"Banner","from_parent":true,"disabled":false,"content":"/sites/544f81174fe0634fa9000352/assets/544f811b4fe0634fa900039b/photo.jpg","url":"/sites/544f81174fe0634fa9000352/assets/544f811b4fe0634fa900039b/photo.jpg","filename":"photo.jpg"},{"id":"544f811b4fe0634fa90003b1","_id":"544f811b4fe0634fa90003b1","created_at":"2014-10-28T12:42:19+01:00","updated_at":"2014-10-28T12:42:19+01:00","slug":"pitch","block":"banner","hint":null,"priority":0,"label":"Pitch","type":"EditableText","block_name":"Banner","from_parent":true,"disabled":false,"content":"<h2>About
        Us</h2>\n          <p>\n            Lorem ipsum dolor sit amet, consectetur
        adipiscing elit. Suspendisse vitae egestas neque. Proin ac ante ante, sit
        amet egestas purus. Fusce tincidunt mattis sapien eget sodales. Cras aliquet
        odio eu nisl dapibus placerat.\n            <br>\n            <a href=''/about_us''>read
        more...</a>\n          </p>","default_content":true,"format":"html","line_break":true,"rows":15},{"id":"544f811b4fe0634fa90003b2","_id":"544f811b4fe0634fa90003b2","created_at":"2014-10-28T12:42:19+01:00","updated_at":"2014-10-28T12:42:19+01:00","slug":"text","block":"content","hint":null,"priority":0,"label":"Text","type":"EditableText","block_name":"Content","from_parent":false,"disabled":false,"content":"<p>\n    Ut
        imperdiet velit eu metus semper tristique. Vivamus risus nisi, tincidunt et
        euismod a, auctor pretium eros. Vestibulum sed magna et velit pulvinar euismod.
        Lorem ipsum dolor sit amet, consectetur adipiscing elit. Aenean sed velit
        quis nisl blandit vulputate id non tortor. Mauris nec placerat massa. Vivamus
        sed odio non ligula pharetra pretium. Ut convallis, purus et lobortis suscipit,
        mauris orci ullamcorper lectus, nec vulputate turpis mauris sed augue. Maecenas
        faucibus ultricies nisl, non ullamcorper justo bibendum nec. Duis vitae mauris
        condimentum risus commodo mattis vel sed libero. Fusce diam elit, porta id
        vestibulum ut, aliquet mattis neque.\n  </p>","default_content":true,"format":"html","line_break":true,"rows":15}]},{"id":"544f811b4fe0634fa90003b3","_id":"544f811b4fe0634fa90003b3","created_at":"2014-10-28T12:42:19+01:00","updated_at":"2014-10-28T12:42:21+01:00","title":"Events","slug":"events","parent_id":"544f81174fe0634fa9000354","position":5,"response_type":"text/html","cache_strategy":"none","redirect":false,"redirect_type":301,"listed":false,"published":true,"templatized":false,"templatized_from_parent":false,"fullpath":"events","localized_fullpaths":{"en":"events","fr":"fr/events","nb":"nb/events"},"depth":1,"translated_in":["en"],"raw_template":"{%
        extends parent %}\n{% block content %}\n<p>Thank you {{ message.name }} !</p>\n<div
        class=''unit size2of3'' id=''events''>\n  <h2>Upcoming events</h2>\n  <ul
        class=''list''>\n    {% for event in contents.events %}\n    <li>\n      <em>{{
        event.date | localized_date: ''%a, %B %d, %Y'' }}</em>\n      &nbsp;-&nbsp;\n      {{
        event.place }}, {{ event.city }}, {{ event.state }}\n    </li>\n    {% endfor
        %}\n  </ul>\n</div>\n<div class=''unit size1of3'' id=''sidebar''>\n  {% editable_long_text
        ''sidebar'' %}\n  <p>\n    Lorem ipsum dolor sit amet, consectetur adipiscing
        elit. Curabitur vitae tincidunt urna. Nunc felis purus, ultricies et venenatis
        bibendum, fringilla eu lectus. Sed cursus, sem at blandit mattis, libero quam
        egestas tortor, eget cursus dolor tellus id nunc. Quisque mauris diam, tincidunt
        in commodo sed, feugiat eu nibh. Nulla erat nunc, dapibus vel eleifend et,
        egestas sed quam. Vestibulum mollis eros at dolor vulputate vel sollicitudin
        enim convallis. Etiam velit nisi, rutrum vel sagittis facilisis, pretium id
        lorem. Cum sociis natoque penatibus et magnis dis parturient montes, nascetur
        ridiculus mus. Pellentesque mauris nisl, consequat sed tincidunt nec, lacinia
        in odio. In hac habitasse platea dictumst. Nam semper libero aliquam turpis
        gravida vel varius erat vulputate. Integer consequat ipsum vitae augue porttitor
        ullamcorper. Nam vulputate aliquet ante at gravida. Vestibulum luctus urna
        et dui hendrerit eu suscipit velit varius. Sed ornare eleifend sem, vitae
        pharetra dolor sodales egestas. Mauris lobortis hendrerit odio, vitae porttitor
        urna rutrum at. Ut at lectus erat, nec dictum dolor. Praesent in sapien interdum
        nibh euismod vestibulum. Vestibulum tincidunt pulvinar accumsan\n  </p>\n  {%
        endeditable_long_text %}\n</div>\n{% endblock %}\n","escaped_raw_template":"{%
        extends parent %}\n{% block content %}\n&lt;p&gt;Thank you {{ message.name
        }} !&lt;/p&gt;\n&lt;div class=&#x27;unit size2of3&#x27; id=&#x27;events&#x27;&gt;\n  &lt;h2&gt;Upcoming
        events&lt;/h2&gt;\n  &lt;ul class=&#x27;list&#x27;&gt;\n    {% for event in
        contents.events %}\n    &lt;li&gt;\n      &lt;em&gt;{{ event.date | localized_date:
        &#x27;%a, %B %d, %Y&#x27; }}&lt;/em&gt;\n      &amp;nbsp;-&amp;nbsp;\n      {{
        event.place }}, {{ event.city }}, {{ event.state }}\n    &lt;/li&gt;\n    {%
        endfor %}\n  &lt;/ul&gt;\n&lt;/div&gt;\n&lt;div class=&#x27;unit size1of3&#x27;
        id=&#x27;sidebar&#x27;&gt;\n  {% editable_long_text &#x27;sidebar&#x27; %}\n  &lt;p&gt;\n    Lorem
        ipsum dolor sit amet, consectetur adipiscing elit. Curabitur vitae tincidunt
        urna. Nunc felis purus, ultricies et venenatis bibendum, fringilla eu lectus.
        Sed cursus, sem at blandit mattis, libero quam egestas tortor, eget cursus
        dolor tellus id nunc. Quisque mauris diam, tincidunt in commodo sed, feugiat
        eu nibh. Nulla erat nunc, dapibus vel eleifend et, egestas sed quam. Vestibulum
        mollis eros at dolor vulputate vel sollicitudin enim convallis. Etiam velit
        nisi, rutrum vel sagittis facilisis, pretium id lorem. Cum sociis natoque
        penatibus et magnis dis parturient montes, nascetur ridiculus mus. Pellentesque
        mauris nisl, consequat sed tincidunt nec, lacinia in odio. In hac habitasse
        platea dictumst. Nam semper libero aliquam turpis gravida vel varius erat
        vulputate. Integer consequat ipsum vitae augue porttitor ullamcorper. Nam
        vulputate aliquet ante at gravida. Vestibulum luctus urna et dui hendrerit
        eu suscipit velit varius. Sed ornare eleifend sem, vitae pharetra dolor sodales
        egestas. Mauris lobortis hendrerit odio, vitae porttitor urna rutrum at. Ut
        at lectus erat, nec dictum dolor. Praesent in sapien interdum nibh euismod
        vestibulum. Vestibulum tincidunt pulvinar accumsan\n  &lt;/p&gt;\n  {% endeditable_long_text
        %}\n&lt;/div&gt;\n{% endblock %}\n","editable_elements":[{"id":"544f811b4fe0634fa90003b4","_id":"544f811b4fe0634fa90003b4","created_at":"2014-10-28T12:42:19+01:00","updated_at":"2014-10-28T12:42:19+01:00","slug":"Page
        image","block":"banner","hint":"Top banner image in each page (602px by 397px)","priority":0,"label":"Page
        image","type":"EditableFile","block_name":"Banner","from_parent":true,"disabled":false,"content":"/sites/544f81174fe0634fa9000352/assets/544f811b4fe0634fa900039b/photo.jpg","url":"/sites/544f81174fe0634fa9000352/assets/544f811b4fe0634fa900039b/photo.jpg","filename":"photo.jpg"},{"id":"544f811b4fe0634fa90003b5","_id":"544f811b4fe0634fa90003b5","created_at":"2014-10-28T12:42:19+01:00","updated_at":"2014-10-28T12:42:19+01:00","slug":"pitch","block":"banner","hint":null,"priority":0,"label":"Pitch","type":"EditableText","block_name":"Banner","from_parent":true,"disabled":false,"content":"<h2>About
        Us</h2>\n          <p>\n            Lorem ipsum dolor sit amet, consectetur
        adipiscing elit. Suspendisse vitae egestas neque. Proin ac ante ante, sit
        amet egestas purus. Fusce tincidunt mattis sapien eget sodales. Cras aliquet
        odio eu nisl dapibus placerat.\n            <br>\n            <a href=''/about_us''>read
        more...</a>\n          </p>","default_content":true,"format":"html","line_break":true,"rows":15},{"id":"544f811b4fe0634fa90003b6","_id":"544f811b4fe0634fa90003b6","created_at":"2014-10-28T12:42:19+01:00","updated_at":"2014-10-28T12:42:19+01:00","slug":"sidebar","block":"content","hint":null,"priority":0,"label":"Sidebar","type":"EditableText","block_name":"Content","from_parent":false,"disabled":false,"content":"<p>\n    Lorem
        ipsum dolor sit amet, consectetur adipiscing elit. Curabitur vitae tincidunt
        urna. Nunc felis purus, ultricies et venenatis bibendum, fringilla eu lectus.
        Sed cursus, sem at blandit mattis, libero quam egestas tortor, eget cursus
        dolor tellus id nunc. Quisque mauris diam, tincidunt in commodo sed, feugiat
        eu nibh. Nulla erat nunc, dapibus vel eleifend et, egestas sed quam. Vestibulum
        mollis eros at dolor vulputate vel sollicitudin enim convallis. Etiam velit
        nisi, rutrum vel sagittis facilisis, pretium id lorem. Cum sociis natoque
        penatibus et magnis dis parturient montes, nascetur ridiculus mus. Pellentesque
        mauris nisl, consequat sed tincidunt nec, lacinia in odio. In hac habitasse
        platea dictumst. Nam semper libero aliquam turpis gravida vel varius erat
        vulputate. Integer consequat ipsum vitae augue porttitor ullamcorper. Nam
        vulputate aliquet ante at gravida. Vestibulum luctus urna et dui hendrerit
        eu suscipit velit varius. Sed ornare eleifend sem, vitae pharetra dolor sodales
        egestas. Mauris lobortis hendrerit odio, vitae porttitor urna rutrum at. Ut
        at lectus erat, nec dictum dolor. Praesent in sapien interdum nibh euismod
        vestibulum. Vestibulum tincidunt pulvinar accumsan\n  </p>","default_content":true,"format":"html","line_break":true,"rows":15}]},{"id":"544f811b4fe0634fa90003b7","_id":"544f811b4fe0634fa90003b7","created_at":"2014-10-28T12:42:19+01:00","updated_at":"2014-10-28T12:42:21+01:00","title":"Lorem
        ipsum dolor sit amet, consectetur adipisicing elit, sed do eiusmod tempor
        incididunt ut labore et dolore magna aliqua. Ut enim ad minim veniam, quis
        nostrud exercitation ullamco laboris nisi ut aliquip ex ea commodo","slug":"lorem-ipsum-dolor-sit-amet-consectetur-adipisicing-elit-sed-do-eiusmod-tempor-incididunt-ut-labore-et-dolore-magna-aliqua","parent_id":"544f81174fe0634fa9000354","position":6,"response_type":"text/html","cache_strategy":"none","redirect":false,"redirect_type":301,"listed":true,"published":true,"templatized":false,"templatized_from_parent":false,"fullpath":"lorem-ipsum-dolor-sit-amet-consectetur-adipisicing-elit-sed-do-eiusmod-tempor-incididunt-ut-labore-et-dolore-magna-aliqua","localized_fullpaths":{"en":"lorem-ipsum-dolor-sit-amet-consectetur-adipisicing-elit-sed-do-eiusmod-tempor-incididunt-ut-labore-et-dolore-magna-aliqua","fr":"fr/lorem-ipsum-dolor-sit-amet-consectetur-adipisicing-elit-sed-do-eiusmod-tempor-incididunt-ut-labore-et-dolore-magna-aliqua","nb":"nb/lorem-ipsum-dolor-sit-amet-consectetur-adipisicing-elit-sed-do-eiusmod-tempor-incididunt-ut-labore-et-dolore-magna-aliqua"},"depth":1,"translated_in":["en"],"raw_template":"Content
        of the very long page","escaped_raw_template":"Content of the very long page","editable_elements":[]},{"id":"544f81174fe0634fa9000355","_id":"544f81174fe0634fa9000355","created_at":"2014-10-28T12:42:15+01:00","updated_at":"2014-10-28T12:42:21+01:00","title":"Page
        not found","slug":"404","position":100,"response_type":"text/html","cache_strategy":"none","redirect":false,"redirect_type":301,"listed":false,"published":true,"templatized":false,"templatized_from_parent":false,"fullpath":"404","localized_fullpaths":{"en":"404","fr":"fr/404","nb":"nb/404"},"depth":0,"translated_in":["en","fr","nb"],"raw_template":"{%
        extends index %}\n{% block content %}\n<p class=''error''>page not found</p>\n{%
        endblock %}\n","escaped_raw_template":"{% extends index %}\n{% block content
        %}\n&lt;p class=&#x27;error&#x27;&gt;page not found&lt;/p&gt;\n{% endblock
        %}\n","editable_elements":[{"id":"544f811c4fe0634fa90003be","_id":"544f811c4fe0634fa90003be","created_at":"2014-10-28T12:42:20+01:00","updated_at":"2014-10-28T12:42:21+01:00","slug":"Page
        image","block":"banner","hint":"Top banner image in each page (602px by 397px)","priority":0,"label":"Page
        image","type":"EditableFile","block_name":"Banner","from_parent":true,"disabled":false,"content":"/sites/544f81174fe0634fa9000352/assets/544f811b4fe0634fa900039b/photo.jpg","url":"/sites/544f81174fe0634fa9000352/assets/544f811b4fe0634fa900039b/photo.jpg","filename":"photo.jpg"},{"id":"544f811c4fe0634fa90003bf","_id":"544f811c4fe0634fa90003bf","created_at":"2014-10-28T12:42:20+01:00","updated_at":"2014-10-28T12:42:21+01:00","slug":"pitch","block":"banner","hint":null,"priority":0,"label":"Pitch","type":"EditableText","block_name":"Banner","from_parent":true,"disabled":false,"content":"<h2>About
        Us</h2>\n          <p>\n            Lorem ipsum dolor sit amet, consectetur
        adipiscing elit. Suspendisse vitae egestas neque. Proin ac ante ante, sit
        amet egestas purus. Fusce tincidunt mattis sapien eget sodales. Cras aliquet
        odio eu nisl dapibus placerat.\n            <br>\n            <a href=''/about_us''>read
        more...</a>\n          </p>","default_content":true,"format":"html","line_break":true,"rows":15}]},{"id":"544f811b4fe0634fa90003b8","_id":"544f811b4fe0634fa90003b8","created_at":"2014-10-28T12:42:19+01:00","updated_at":"2014-10-28T12:42:21+01:00","title":"Archives","slug":"archives","parent_id":"544f81174fe0634fa9000354","position":100,"response_type":"text/html","cache_strategy":"none","redirect":false,"redirect_type":301,"listed":false,"published":true,"templatized":false,"templatized_from_parent":false,"fullpath":"archives","localized_fullpaths":{"en":"archives","fr":"fr/archives","nb":"nb/archives"},"depth":1,"translated_in":["en"],"raw_template":"","escaped_raw_template":"","editable_elements":[]},{"id":"544f811b4fe0634fa90003b9","_id":"544f811b4fe0634fa90003b9","created_at":"2014-10-28T12:42:19+01:00","updated_at":"2014-10-28T12:42:21+01:00","title":"News","slug":"news","parent_id":"544f811b4fe0634fa90003b8","position":100,"response_type":"text/html","cache_strategy":"none","redirect":false,"redirect_type":301,"listed":false,"published":true,"templatized":false,"templatized_from_parent":false,"fullpath":"archives/news","localized_fullpaths":{"en":"archives/news","fr":"fr/archives/news","nb":"nb/archives/news"},"depth":2,"translated_in":["en"],"raw_template":"{%
        extends parent %}\n{% block content %}\n<p>News Archives. Lorem ipsum....</p>\n{%
        endblock %}\n","escaped_raw_template":"{% extends parent %}\n{% block content
        %}\n&lt;p&gt;News Archives. Lorem ipsum....&lt;/p&gt;\n{% endblock %}\n","editable_elements":[]},{"id":"544f811a4fe0634fa900039a","_id":"544f811a4fe0634fa900039a","created_at":"2014-10-28T12:42:18+01:00","updated_at":"2014-10-28T12:42:21+01:00","title":"Layout
        with 2 columns","slug":"columns","parent_id":"544f811a4fe0634fa9000398","position":100,"response_type":"text/html","cache_strategy":"none","redirect":false,"redirect_type":301,"listed":false,"published":true,"templatized":false,"templatized_from_parent":false,"fullpath":"layouts/columns","localized_fullpaths":{"en":"layouts/columns","fr":"fr/layouts/columns","nb":"nb/layouts/columns"},"depth":2,"translated_in":["en"],"raw_template":"{%
        extends layouts/default %}\n{% block main %}\n<div class=''sidebar''>\n  {%
        block sidebar %}\n  {% endblock %}\n</div>\n<div class=''content''>\n  {%
        block content %}\n  {% endblock %}\n</div>\n{% endblock %}\n","escaped_raw_template":"{%
        extends layouts/default %}\n{% block main %}\n&lt;div class=&#x27;sidebar&#x27;&gt;\n  {%
        block sidebar %}\n  {% endblock %}\n&lt;/div&gt;\n&lt;div class=&#x27;content&#x27;&gt;\n  {%
        block content %}\n  {% endblock %}\n&lt;/div&gt;\n{% endblock %}\n","editable_elements":[]},{"id":"544f811c4fe0634fa90003bb","_id":"544f811c4fe0634fa90003bb","created_at":"2014-10-28T12:42:20+01:00","updated_at":"2014-10-28T12:42:21+01:00","title":"A
        song template","slug":"content_type_template","parent_id":"544f811b4fe0634fa90003ba","position":100,"response_type":"text/html","cache_strategy":"none","redirect":false,"redirect_type":301,"listed":false,"published":true,"templatized":true,"templatized_from_parent":false,"target_klass_slug":"songs","fullpath":"songs/content_type_template","localized_fullpaths":{"en":"songs/content_type_template","fr":"fr/songs/content_type_template","nb":"nb/songs/content_type_template"},"depth":2,"translated_in":["en"],"raw_template":"{%
        extends ''index'' %}\n{% block content %}\n<h3>{{ song.title }}</h3>\n<p>{{
        song.short_description }}</p>\n{% endblock %}\n","escaped_raw_template":"{%
        extends &#x27;index&#x27; %}\n{% block content %}\n&lt;h3&gt;{{ song.title
        }}&lt;/h3&gt;\n&lt;p&gt;{{ song.short_description }}&lt;/p&gt;\n{% endblock
        %}\n","editable_elements":[{"id":"544f811c4fe0634fa90003bc","_id":"544f811c4fe0634fa90003bc","created_at":"2014-10-28T12:42:20+01:00","updated_at":"2014-10-28T12:42:20+01:00","slug":"Page
        image","block":"banner","hint":"Top banner image in each page (602px by 397px)","priority":0,"label":"Page
        image","type":"EditableFile","block_name":"Banner","from_parent":true,"disabled":false,"content":"/sites/544f81174fe0634fa9000352/assets/544f811b4fe0634fa900039b/photo.jpg","url":"/sites/544f81174fe0634fa9000352/assets/544f811b4fe0634fa900039b/photo.jpg","filename":"photo.jpg"},{"id":"544f811c4fe0634fa90003bd","_id":"544f811c4fe0634fa90003bd","created_at":"2014-10-28T12:42:20+01:00","updated_at":"2014-10-28T12:42:20+01:00","slug":"pitch","block":"banner","hint":null,"priority":0,"label":"Pitch","type":"EditableText","block_name":"Banner","from_parent":true,"disabled":false,"content":"<h2>About
        Us</h2>\n          <p>\n            Lorem ipsum dolor sit amet, consectetur
        adipiscing elit. Suspendisse vitae egestas neque. Proin ac ante ante, sit
        amet egestas purus. Fusce tincidunt mattis sapien eget sodales. Cras aliquet
        odio eu nisl dapibus placerat.\n            <br>\n            <a href=''/about_us''>read
        more...</a>\n          </p>","default_content":true,"format":"html","line_break":true,"rows":15}]},{"id":"544f811a4fe0634fa9000399","_id":"544f811a4fe0634fa9000399","created_at":"2014-10-28T12:42:18+01:00","updated_at":"2014-10-28T12:42:21+01:00","title":"Default
        layout","slug":"default","parent_id":"544f811a4fe0634fa9000398","position":101,"response_type":"text/html","cache_strategy":"none","redirect":false,"redirect_type":301,"listed":false,"published":true,"templatized":false,"templatized_from_parent":false,"fullpath":"layouts/default","localized_fullpaths":{"en":"layouts/default","fr":"fr/layouts/default","nb":"nb/layouts/default"},"depth":2,"translated_in":["en"],"raw_template":"<!DOCTYPE
        html>\n<html lang=''en''>\n  <head>\n    <meta charset=''utf-8''>\n    <title>{{
        site.name }}</title>\n    <meta content=''{{ site.meta_description }}'' name=''description''>\n    <meta
        content=''{{ site.meta_keywords }}'' name=''keywords''>\n  </head>\n  <body>\n    {%
        block main %}\n    {% endblock %}\n  </body>\n</html>\n","escaped_raw_template":"&lt;!DOCTYPE
        html&gt;\n&lt;html lang=&#x27;en&#x27;&gt;\n  &lt;head&gt;\n    &lt;meta charset=&#x27;utf-8&#x27;&gt;\n    &lt;title&gt;{{
        site.name }}&lt;/title&gt;\n    &lt;meta content=&#x27;{{ site.meta_description
        }}&#x27; name=&#x27;description&#x27;&gt;\n    &lt;meta content=&#x27;{{ site.meta_keywords
        }}&#x27; name=&#x27;keywords&#x27;&gt;\n  &lt;/head&gt;\n  &lt;body&gt;\n    {%
        block main %}\n    {% endblock %}\n  &lt;/body&gt;\n&lt;/html&gt;\n","editable_elements":[]},{"id":"544f811b4fe0634fa90003ba","_id":"544f811b4fe0634fa90003ba","created_at":"2014-10-28T12:42:19+01:00","updated_at":"2014-10-28T12:42:21+01:00","title":"Songs","slug":"songs","parent_id":"544f81174fe0634fa9000354","position":102,"response_type":"text/html","cache_strategy":"none","redirect":false,"redirect_type":301,"listed":false,"published":true,"templatized":false,"templatized_from_parent":false,"fullpath":"songs","localized_fullpaths":{"en":"songs","fr":"fr/songs","nb":"nb/songs"},"depth":1,"translated_in":["en"],"raw_template":"","escaped_raw_template":"","editable_elements":[]},{"id":"544f811a4fe0634fa9000398","_id":"544f811a4fe0634fa9000398","created_at":"2014-10-28T12:42:18+01:00","updated_at":"2014-10-28T12:42:21+01:00","title":"Layouts","slug":"layouts","parent_id":"544f81174fe0634fa9000354","position":104,"response_type":"text/html","cache_strategy":"none","redirect":false,"redirect_type":301,"listed":false,"published":true,"templatized":false,"templatized_from_parent":false,"fullpath":"layouts","localized_fullpaths":{"en":"layouts","fr":"fr/layouts","nb":"nb/layouts"},"depth":1,"translated_in":["en"],"raw_template":"","escaped_raw_template":"","editable_elements":[]}]'
    http_version: 
  recorded_at: Tue, 28 Oct 2014 11:42:32 GMT
- request:
    method: get
    uri: http://sample.example.com:3000/locomotive/api/pages/544f81174fe0634fa9000354.json?auth_token=sdgp9LsjJPGxDSpi6RAs&locale=fr
    body:
      encoding: US-ASCII
      string: ''
    headers: {}
  response:
    status:
      code: 200
      message: OK
    headers:
      Date:
      - Tue, 28 Oct 2014 11:42:32 GMT
      Status:
      - 200 OK
      Connection:
      - close
      Content-Type:
      - application/json; charset=utf-8
      X-Ua-Compatible:
      - IE=Edge
      Etag:
      - '"d478c80855e9b3ab3a263fb3dca27038"'
      Cache-Control:
      - max-age=0, private, must-revalidate
      Set-Cookie:
      - _locomotive_session=RRfr32qeKRX7FFnYSCFTPlMe2PY; domain=.example.com; path=/;
        HttpOnly
      X-Request-Id:
      - 1cd949e9ce3d5d7216d936df1eb7304e
      X-Runtime:
      - '0.039537'
    body:
      encoding: UTF-8
      string: '{"id":"544f81174fe0634fa9000354","_id":"544f81174fe0634fa9000354","created_at":"2014-10-28T12:42:15+01:00","updated_at":"2014-10-28T12:42:20+01:00","title":"Page
        d''accueil","slug":"index","position":0,"response_type":"text/html","cache_strategy":"none","redirect":false,"redirect_type":301,"listed":false,"published":true,"templatized":false,"templatized_from_parent":false,"fullpath":"index","localized_fullpaths":{"en":"","fr":"fr","nb":"nb"},"depth":0,"translated_in":["en","fr","nb"],"raw_template":"<!DOCTYPE
        html>\n<html lang=''en''>\n  <head>\n    <meta charset=''utf-8''>\n    <title>{{
        site.name }}</title>\n    <meta content=''{{ site.meta_description }}'' name=''description''>\n    <meta
        content=''{{ site.meta_keywords }}'' name=''keywords''>\n    <!-- Le HTML5
        shim, for IE6-8 support of HTML elements -->\n    <!--[if lt IE 9]>\n      <script
        src=\"http://html5shim.googlecode.com/svn/trunk/html5.js\"></script>\n    <![endif]-->\n    <link
        href=\"/fonts/chunkfive.css\" media=\"screen\" rel=\"stylesheet\" type=\"text/css\"
        />\n    <!-- Le styles -->\n    {{ ''reboot'' | stylesheet_tag }}\n    {{
        ''application'' | stylesheet_tag }}\n    <script src=''http://ajax.googleapis.com/ajax/libs/jquery/1.7.2/jquery.min.js''
        type=''text/javascript''></script>\n    {% inline_editor %}\n  </head>\n  <body>\n    <div
        class=''container''>\n      <div id=''menu''>\n        <div id=''nav''>\n          <li
        class=\"{% if page.fullpath == ''index'' %}on{% endif %} link\" id=''home''>\n            <a
        href=''/''>Home</a>\n          </li>\n          {% nav site, no_wrapper: true,
        exclude: ''events'' %}\n        </div>\n        <div class=''clear''></div>\n      </div>\n      <div
        id=''banner''>\n        {% block banner %}\n        <div class=''photo''>\n          <img
        src=\"{% editable_file ''Page image'', hint: ''Top banner image in each page
        (602px by 397px)'' %}/sites/544f81174fe0634fa9000352/assets/544f811b4fe0634fa900039b/photo.jpg{%
        endeditable_file %}\">\n        </div>\n        <div class=''text''>\n          {%
        editable_long_text ''pitch'' %}\n          <h2>About Us</h2>\n          <p>\n            Lorem
        ipsum dolor sit amet, consectetur adipiscing elit. Suspendisse vitae egestas
        neque. Proin ac ante ante, sit amet egestas purus. Fusce tincidunt mattis
        sapien eget sodales. Cras aliquet odio eu nisl dapibus placerat.\n            <br>\n            <a
        href=''/about_us''>read more...</a>\n          </p>\n          {% endeditable_long_text
        %}\n        </div>\n        {% endblock %}\n        <div class=''clear''></div>\n      </div>\n      <div
        id=''content''>\n        {% block content %}\n        <div class=''unit size1of2''
        id=''events''>\n          <h2>Upcoming events</h2>\n          <ul class=''list''>\n            {%
        for event in contents.events limit: 6 %}\n            <li>\n              <em>{{
        event.date | localized_date: ''%a, %B %d, %Y'' }}</em>\n              &nbsp;-&nbsp;\n              {{
        event.place }}, {{ event.city }}, {{ event.state }}\n            </li>\n            {%
        endfor %}\n          </ul>\n          <p class=''more''>\n            <a href=''/events''>See
        more events ...</a>\n          </p>\n        </div>\n        <div class=''unit
        size1of2'' id=''updates''>\n          <h2>Site updates</h2>\n          <ul
        class=''list''>\n            {% for update in contents.updates %}\n            <li>\n              <em>{{
        update.date | localized_date: ''%B %d'' }}</em>\n              &nbsp;-&nbsp;\n              {{
        update.title }}\n            </li>\n            {% endfor %}\n          </ul>\n        </div>\n        {%
        endblock %}\n        <div class=''clear''></div>\n      </div>\n      <div
        id=''footer''>\n        <p>{% locale_switcher %}</p>\n        <p>\n          Powered
        by <a href=\"http://www.locomotivecms.com\">LocomotiveCMS</a>. Designed by
        <a href=\"http://www.sachagreif.com\">Sacha Greif</a>.\n        </p>\n        <p>\n          All
        photos are licensed under Creative Commons. (see original ones <a href=''http://www.flickr.com/photos/38687875@N00/3391588262/''>here</a>
        or <a href=''http://www.flickr.com/photos/cool_dry_place/55454498/''>here</a>).\n        </p>\n      </div>\n    </div>\n    {%
        google_analytics ''UA-20661758-1'' %}\n  </body>\n</html>\n","escaped_raw_template":"&lt;!DOCTYPE
        html&gt;\n&lt;html lang=&#x27;en&#x27;&gt;\n  &lt;head&gt;\n    &lt;meta charset=&#x27;utf-8&#x27;&gt;\n    &lt;title&gt;{{
        site.name }}&lt;/title&gt;\n    &lt;meta content=&#x27;{{ site.meta_description
        }}&#x27; name=&#x27;description&#x27;&gt;\n    &lt;meta content=&#x27;{{ site.meta_keywords
        }}&#x27; name=&#x27;keywords&#x27;&gt;\n    &lt;!-- Le HTML5 shim, for IE6-8
        support of HTML elements --&gt;\n    &lt;!--[if lt IE 9]&gt;\n      &lt;script
        src=&quot;http://html5shim.googlecode.com/svn/trunk/html5.js&quot;&gt;&lt;/script&gt;\n    &lt;![endif]--&gt;\n    &lt;link
        href=&quot;/fonts/chunkfive.css&quot; media=&quot;screen&quot; rel=&quot;stylesheet&quot;
        type=&quot;text/css&quot; /&gt;\n    &lt;!-- Le styles --&gt;\n    {{ &#x27;reboot&#x27;
        | stylesheet_tag }}\n    {{ &#x27;application&#x27; | stylesheet_tag }}\n    &lt;script
        src=&#x27;http://ajax.googleapis.com/ajax/libs/jquery/1.7.2/jquery.min.js&#x27;
        type=&#x27;text/javascript&#x27;&gt;&lt;/script&gt;\n    {% inline_editor
        %}\n  &lt;/head&gt;\n  &lt;body&gt;\n    &lt;div class=&#x27;container&#x27;&gt;\n      &lt;div
        id=&#x27;menu&#x27;&gt;\n        &lt;div id=&#x27;nav&#x27;&gt;\n          &lt;li
        class=&quot;{% if page.fullpath == &#x27;index&#x27; %}on{% endif %} link&quot;
        id=&#x27;home&#x27;&gt;\n            &lt;a href=&#x27;/&#x27;&gt;Home&lt;/a&gt;\n          &lt;/li&gt;\n          {%
        nav site, no_wrapper: true, exclude: &#x27;events&#x27; %}\n        &lt;/div&gt;\n        &lt;div
        class=&#x27;clear&#x27;&gt;&lt;/div&gt;\n      &lt;/div&gt;\n      &lt;div
        id=&#x27;banner&#x27;&gt;\n        {% block banner %}\n        &lt;div class=&#x27;photo&#x27;&gt;\n          &lt;img
        src=&quot;{% editable_file &#x27;Page image&#x27;, hint: &#x27;Top banner
        image in each page (602px by 397px)&#x27; %}/sites/544f81174fe0634fa9000352/assets/544f811b4fe0634fa900039b/photo.jpg{%
        endeditable_file %}&quot;&gt;\n        &lt;/div&gt;\n        &lt;div class=&#x27;text&#x27;&gt;\n          {%
        editable_long_text &#x27;pitch&#x27; %}\n          &lt;h2&gt;About Us&lt;/h2&gt;\n          &lt;p&gt;\n            Lorem
        ipsum dolor sit amet, consectetur adipiscing elit. Suspendisse vitae egestas
        neque. Proin ac ante ante, sit amet egestas purus. Fusce tincidunt mattis
        sapien eget sodales. Cras aliquet odio eu nisl dapibus placerat.\n            &lt;br&gt;\n            &lt;a
        href=&#x27;/about_us&#x27;&gt;read more...&lt;/a&gt;\n          &lt;/p&gt;\n          {%
        endeditable_long_text %}\n        &lt;/div&gt;\n        {% endblock %}\n        &lt;div
        class=&#x27;clear&#x27;&gt;&lt;/div&gt;\n      &lt;/div&gt;\n      &lt;div
        id=&#x27;content&#x27;&gt;\n        {% block content %}\n        &lt;div class=&#x27;unit
        size1of2&#x27; id=&#x27;events&#x27;&gt;\n          &lt;h2&gt;Upcoming events&lt;/h2&gt;\n          &lt;ul
        class=&#x27;list&#x27;&gt;\n            {% for event in contents.events limit:
        6 %}\n            &lt;li&gt;\n              &lt;em&gt;{{ event.date | localized_date:
        &#x27;%a, %B %d, %Y&#x27; }}&lt;/em&gt;\n              &amp;nbsp;-&amp;nbsp;\n              {{
        event.place }}, {{ event.city }}, {{ event.state }}\n            &lt;/li&gt;\n            {%
        endfor %}\n          &lt;/ul&gt;\n          &lt;p class=&#x27;more&#x27;&gt;\n            &lt;a
        href=&#x27;/events&#x27;&gt;See more events ...&lt;/a&gt;\n          &lt;/p&gt;\n        &lt;/div&gt;\n        &lt;div
        class=&#x27;unit size1of2&#x27; id=&#x27;updates&#x27;&gt;\n          &lt;h2&gt;Site
        updates&lt;/h2&gt;\n          &lt;ul class=&#x27;list&#x27;&gt;\n            {%
        for update in contents.updates %}\n            &lt;li&gt;\n              &lt;em&gt;{{
        update.date | localized_date: &#x27;%B %d&#x27; }}&lt;/em&gt;\n              &amp;nbsp;-&amp;nbsp;\n              {{
        update.title }}\n            &lt;/li&gt;\n            {% endfor %}\n          &lt;/ul&gt;\n        &lt;/div&gt;\n        {%
        endblock %}\n        &lt;div class=&#x27;clear&#x27;&gt;&lt;/div&gt;\n      &lt;/div&gt;\n      &lt;div
        id=&#x27;footer&#x27;&gt;\n        &lt;p&gt;{% locale_switcher %}&lt;/p&gt;\n        &lt;p&gt;\n          Powered
        by &lt;a href=&quot;http://www.locomotivecms.com&quot;&gt;LocomotiveCMS&lt;/a&gt;.
        Designed by &lt;a href=&quot;http://www.sachagreif.com&quot;&gt;Sacha Greif&lt;/a&gt;.\n        &lt;/p&gt;\n        &lt;p&gt;\n          All
        photos are licensed under Creative Commons. (see original ones &lt;a href=&#x27;http://www.flickr.com/photos/38687875@N00/3391588262/&#x27;&gt;here&lt;/a&gt;
        or &lt;a href=&#x27;http://www.flickr.com/photos/cool_dry_place/55454498/&#x27;&gt;here&lt;/a&gt;).\n        &lt;/p&gt;\n      &lt;/div&gt;\n    &lt;/div&gt;\n    {%
        google_analytics &#x27;UA-20661758-1&#x27; %}\n  &lt;/body&gt;\n&lt;/html&gt;\n","editable_elements":[{"id":"544f811b4fe0634fa900039c","_id":"544f811b4fe0634fa900039c","created_at":"2014-10-28T12:42:19+01:00","updated_at":"2014-10-28T12:42:20+01:00","slug":"Page
        image","block":"banner","hint":"Top banner image in each page (602px by 397px)","priority":0,"label":"Page
        image","type":"EditableFile","block_name":"Banner","from_parent":false,"disabled":false,"content":"/sites/544f81174fe0634fa9000352/assets/544f811b4fe0634fa900039b/photo.jpg","url":"/sites/544f81174fe0634fa9000352/assets/544f811b4fe0634fa900039b/photo.jpg","filename":"photo.jpg"},{"id":"544f811b4fe0634fa900039d","_id":"544f811b4fe0634fa900039d","created_at":"2014-10-28T12:42:19+01:00","updated_at":"2014-10-28T12:42:20+01:00","slug":"pitch","block":"banner","hint":null,"priority":0,"label":"Pitch","type":"EditableText","block_name":"Banner","from_parent":false,"disabled":false,"content":"<h2>About
        Us</h2>\n          <p>\n            Lorem ipsum dolor sit amet, consectetur
        adipiscing elit. Suspendisse vitae egestas neque. Proin ac ante ante, sit
        amet egestas purus. Fusce tincidunt mattis sapien eget sodales. Cras aliquet
        odio eu nisl dapibus placerat.\n            <br>\n            <a href=''/about_us''>read
        more...</a>\n          </p>","default_content":true,"format":"html","line_break":true,"rows":15}]}'
    http_version: 
  recorded_at: Tue, 28 Oct 2014 11:42:32 GMT
- request:
    method: get
    uri: http://sample.example.com:3000/locomotive/api/pages/544f81174fe0634fa9000354.json?auth_token=sdgp9LsjJPGxDSpi6RAs&locale=nb
    body:
      encoding: US-ASCII
      string: ''
    headers: {}
  response:
    status:
      code: 200
      message: OK
    headers:
      Date:
      - Tue, 28 Oct 2014 11:42:32 GMT
      Status:
      - 200 OK
      Connection:
      - close
      Content-Type:
      - application/json; charset=utf-8
      X-Ua-Compatible:
      - IE=Edge
      Etag:
      - '"c92d8dff8cefaa5d65f5b4674f2c4afe"'
      Cache-Control:
      - max-age=0, private, must-revalidate
      Set-Cookie:
      - _locomotive_session=ibvqQgj7-SYpE4zcZcW6yk_ZdfU; domain=.example.com; path=/;
        HttpOnly
      X-Request-Id:
      - 22d88a9059feadfa282ba8a6306e5c1c
      X-Runtime:
      - '0.037910'
    body:
      encoding: UTF-8
      string: '{"id":"544f81174fe0634fa9000354","_id":"544f81174fe0634fa9000354","created_at":"2014-10-28T12:42:15+01:00","updated_at":"2014-10-28T12:42:20+01:00","title":"Startside","slug":"index","position":0,"response_type":"text/html","cache_strategy":"none","redirect":false,"redirect_type":301,"listed":false,"published":true,"templatized":false,"templatized_from_parent":false,"fullpath":"index","localized_fullpaths":{"en":"","fr":"fr","nb":"nb"},"depth":0,"translated_in":["en","fr","nb"],"raw_template":"<!DOCTYPE
        html>\n<html lang=''en''>\n  <head>\n    <meta charset=''utf-8''>\n    <title>{{
        site.name }}</title>\n    <meta content=''{{ site.meta_description }}'' name=''description''>\n    <meta
        content=''{{ site.meta_keywords }}'' name=''keywords''>\n    <!-- Le HTML5
        shim, for IE6-8 support of HTML elements -->\n    <!--[if lt IE 9]>\n      <script
        src=\"http://html5shim.googlecode.com/svn/trunk/html5.js\"></script>\n    <![endif]-->\n    <link
        href=\"/fonts/chunkfive.css\" media=\"screen\" rel=\"stylesheet\" type=\"text/css\"
        />\n    <!-- Le styles -->\n    {{ ''reboot'' | stylesheet_tag }}\n    {{
        ''application'' | stylesheet_tag }}\n    <script src=''http://ajax.googleapis.com/ajax/libs/jquery/1.7.2/jquery.min.js''
        type=''text/javascript''></script>\n    {% inline_editor %}\n  </head>\n  <body>\n    <div
        class=''container''>\n      <div id=''menu''>\n        <div id=''nav''>\n          <li
        class=\"{% if page.fullpath == ''index'' %}on{% endif %} link\" id=''home''>\n            <a
        href=''/''>Home</a>\n          </li>\n          {% nav site, no_wrapper: true,
        exclude: ''events'' %}\n        </div>\n        <div class=''clear''></div>\n      </div>\n      <div
        id=''banner''>\n        {% block banner %}\n        <div class=''photo''>\n          <img
        src=\"{% editable_file ''Page image'', hint: ''Top banner image in each page
        (602px by 397px)'' %}/sites/544f81174fe0634fa9000352/assets/544f811b4fe0634fa900039b/photo.jpg{%
        endeditable_file %}\">\n        </div>\n        <div class=''text''>\n          {%
        editable_long_text ''pitch'' %}\n          <h2>About Us</h2>\n          <p>\n            Lorem
        ipsum dolor sit amet, consectetur adipiscing elit. Suspendisse vitae egestas
        neque. Proin ac ante ante, sit amet egestas purus. Fusce tincidunt mattis
        sapien eget sodales. Cras aliquet odio eu nisl dapibus placerat.\n            <br>\n            <a
        href=''/about_us''>read more...</a>\n          </p>\n          {% endeditable_long_text
        %}\n        </div>\n        {% endblock %}\n        <div class=''clear''></div>\n      </div>\n      <div
        id=''content''>\n        {% block content %}\n        <div class=''unit size1of2''
        id=''events''>\n          <h2>Upcoming events</h2>\n          <ul class=''list''>\n            {%
        for event in contents.events limit: 6 %}\n            <li>\n              <em>{{
        event.date | localized_date: ''%a, %B %d, %Y'' }}</em>\n              &nbsp;-&nbsp;\n              {{
        event.place }}, {{ event.city }}, {{ event.state }}\n            </li>\n            {%
        endfor %}\n          </ul>\n          <p class=''more''>\n            <a href=''/events''>See
        more events ...</a>\n          </p>\n        </div>\n        <div class=''unit
        size1of2'' id=''updates''>\n          <h2>Site updates</h2>\n          <ul
        class=''list''>\n            {% for update in contents.updates %}\n            <li>\n              <em>{{
        update.date | localized_date: ''%B %d'' }}</em>\n              &nbsp;-&nbsp;\n              {{
        update.title }}\n            </li>\n            {% endfor %}\n          </ul>\n        </div>\n        {%
        endblock %}\n        <div class=''clear''></div>\n      </div>\n      <div
        id=''footer''>\n        <p>{% locale_switcher %}</p>\n        <p>\n          Powered
        by <a href=\"http://www.locomotivecms.com\">LocomotiveCMS</a>. Designed by
        <a href=\"http://www.sachagreif.com\">Sacha Greif</a>.\n        </p>\n        <p>\n          All
        photos are licensed under Creative Commons. (see original ones <a href=''http://www.flickr.com/photos/38687875@N00/3391588262/''>here</a>
        or <a href=''http://www.flickr.com/photos/cool_dry_place/55454498/''>here</a>).\n        </p>\n      </div>\n    </div>\n    {%
        google_analytics ''UA-20661758-1'' %}\n  </body>\n</html>\n","escaped_raw_template":"&lt;!DOCTYPE
        html&gt;\n&lt;html lang=&#x27;en&#x27;&gt;\n  &lt;head&gt;\n    &lt;meta charset=&#x27;utf-8&#x27;&gt;\n    &lt;title&gt;{{
        site.name }}&lt;/title&gt;\n    &lt;meta content=&#x27;{{ site.meta_description
        }}&#x27; name=&#x27;description&#x27;&gt;\n    &lt;meta content=&#x27;{{ site.meta_keywords
        }}&#x27; name=&#x27;keywords&#x27;&gt;\n    &lt;!-- Le HTML5 shim, for IE6-8
        support of HTML elements --&gt;\n    &lt;!--[if lt IE 9]&gt;\n      &lt;script
        src=&quot;http://html5shim.googlecode.com/svn/trunk/html5.js&quot;&gt;&lt;/script&gt;\n    &lt;![endif]--&gt;\n    &lt;link
        href=&quot;/fonts/chunkfive.css&quot; media=&quot;screen&quot; rel=&quot;stylesheet&quot;
        type=&quot;text/css&quot; /&gt;\n    &lt;!-- Le styles --&gt;\n    {{ &#x27;reboot&#x27;
        | stylesheet_tag }}\n    {{ &#x27;application&#x27; | stylesheet_tag }}\n    &lt;script
        src=&#x27;http://ajax.googleapis.com/ajax/libs/jquery/1.7.2/jquery.min.js&#x27;
        type=&#x27;text/javascript&#x27;&gt;&lt;/script&gt;\n    {% inline_editor
        %}\n  &lt;/head&gt;\n  &lt;body&gt;\n    &lt;div class=&#x27;container&#x27;&gt;\n      &lt;div
        id=&#x27;menu&#x27;&gt;\n        &lt;div id=&#x27;nav&#x27;&gt;\n          &lt;li
        class=&quot;{% if page.fullpath == &#x27;index&#x27; %}on{% endif %} link&quot;
        id=&#x27;home&#x27;&gt;\n            &lt;a href=&#x27;/&#x27;&gt;Home&lt;/a&gt;\n          &lt;/li&gt;\n          {%
        nav site, no_wrapper: true, exclude: &#x27;events&#x27; %}\n        &lt;/div&gt;\n        &lt;div
        class=&#x27;clear&#x27;&gt;&lt;/div&gt;\n      &lt;/div&gt;\n      &lt;div
        id=&#x27;banner&#x27;&gt;\n        {% block banner %}\n        &lt;div class=&#x27;photo&#x27;&gt;\n          &lt;img
        src=&quot;{% editable_file &#x27;Page image&#x27;, hint: &#x27;Top banner
        image in each page (602px by 397px)&#x27; %}/sites/544f81174fe0634fa9000352/assets/544f811b4fe0634fa900039b/photo.jpg{%
        endeditable_file %}&quot;&gt;\n        &lt;/div&gt;\n        &lt;div class=&#x27;text&#x27;&gt;\n          {%
        editable_long_text &#x27;pitch&#x27; %}\n          &lt;h2&gt;About Us&lt;/h2&gt;\n          &lt;p&gt;\n            Lorem
        ipsum dolor sit amet, consectetur adipiscing elit. Suspendisse vitae egestas
        neque. Proin ac ante ante, sit amet egestas purus. Fusce tincidunt mattis
        sapien eget sodales. Cras aliquet odio eu nisl dapibus placerat.\n            &lt;br&gt;\n            &lt;a
        href=&#x27;/about_us&#x27;&gt;read more...&lt;/a&gt;\n          &lt;/p&gt;\n          {%
        endeditable_long_text %}\n        &lt;/div&gt;\n        {% endblock %}\n        &lt;div
        class=&#x27;clear&#x27;&gt;&lt;/div&gt;\n      &lt;/div&gt;\n      &lt;div
        id=&#x27;content&#x27;&gt;\n        {% block content %}\n        &lt;div class=&#x27;unit
        size1of2&#x27; id=&#x27;events&#x27;&gt;\n          &lt;h2&gt;Upcoming events&lt;/h2&gt;\n          &lt;ul
        class=&#x27;list&#x27;&gt;\n            {% for event in contents.events limit:
        6 %}\n            &lt;li&gt;\n              &lt;em&gt;{{ event.date | localized_date:
        &#x27;%a, %B %d, %Y&#x27; }}&lt;/em&gt;\n              &amp;nbsp;-&amp;nbsp;\n              {{
        event.place }}, {{ event.city }}, {{ event.state }}\n            &lt;/li&gt;\n            {%
        endfor %}\n          &lt;/ul&gt;\n          &lt;p class=&#x27;more&#x27;&gt;\n            &lt;a
        href=&#x27;/events&#x27;&gt;See more events ...&lt;/a&gt;\n          &lt;/p&gt;\n        &lt;/div&gt;\n        &lt;div
        class=&#x27;unit size1of2&#x27; id=&#x27;updates&#x27;&gt;\n          &lt;h2&gt;Site
        updates&lt;/h2&gt;\n          &lt;ul class=&#x27;list&#x27;&gt;\n            {%
        for update in contents.updates %}\n            &lt;li&gt;\n              &lt;em&gt;{{
        update.date | localized_date: &#x27;%B %d&#x27; }}&lt;/em&gt;\n              &amp;nbsp;-&amp;nbsp;\n              {{
        update.title }}\n            &lt;/li&gt;\n            {% endfor %}\n          &lt;/ul&gt;\n        &lt;/div&gt;\n        {%
        endblock %}\n        &lt;div class=&#x27;clear&#x27;&gt;&lt;/div&gt;\n      &lt;/div&gt;\n      &lt;div
        id=&#x27;footer&#x27;&gt;\n        &lt;p&gt;{% locale_switcher %}&lt;/p&gt;\n        &lt;p&gt;\n          Powered
        by &lt;a href=&quot;http://www.locomotivecms.com&quot;&gt;LocomotiveCMS&lt;/a&gt;.
        Designed by &lt;a href=&quot;http://www.sachagreif.com&quot;&gt;Sacha Greif&lt;/a&gt;.\n        &lt;/p&gt;\n        &lt;p&gt;\n          All
        photos are licensed under Creative Commons. (see original ones &lt;a href=&#x27;http://www.flickr.com/photos/38687875@N00/3391588262/&#x27;&gt;here&lt;/a&gt;
        or &lt;a href=&#x27;http://www.flickr.com/photos/cool_dry_place/55454498/&#x27;&gt;here&lt;/a&gt;).\n        &lt;/p&gt;\n      &lt;/div&gt;\n    &lt;/div&gt;\n    {%
        google_analytics &#x27;UA-20661758-1&#x27; %}\n  &lt;/body&gt;\n&lt;/html&gt;\n","editable_elements":[{"id":"544f811b4fe0634fa900039c","_id":"544f811b4fe0634fa900039c","created_at":"2014-10-28T12:42:19+01:00","updated_at":"2014-10-28T12:42:20+01:00","slug":"Page
        image","block":"banner","hint":"Top banner image in each page (602px by 397px)","priority":0,"label":"Page
        image","type":"EditableFile","block_name":"Banner","from_parent":false,"disabled":false,"content":"/sites/544f81174fe0634fa9000352/assets/544f811b4fe0634fa900039b/photo.jpg","url":"/sites/544f81174fe0634fa9000352/assets/544f811b4fe0634fa900039b/photo.jpg","filename":"photo.jpg"},{"id":"544f811b4fe0634fa900039d","_id":"544f811b4fe0634fa900039d","created_at":"2014-10-28T12:42:19+01:00","updated_at":"2014-10-28T12:42:20+01:00","slug":"pitch","block":"banner","hint":null,"priority":0,"label":"Pitch","type":"EditableText","block_name":"Banner","from_parent":false,"disabled":false,"content":"<h2>About
        Us</h2>\n          <p>\n            Lorem ipsum dolor sit amet, consectetur
        adipiscing elit. Suspendisse vitae egestas neque. Proin ac ante ante, sit
        amet egestas purus. Fusce tincidunt mattis sapien eget sodales. Cras aliquet
        odio eu nisl dapibus placerat.\n            <br>\n            <a href=''/about_us''>read
        more...</a>\n          </p>","default_content":true,"format":"html","line_break":true,"rows":15}]}'
    http_version: 
  recorded_at: Tue, 28 Oct 2014 11:42:32 GMT
- request:
    method: get
    uri: http://sample.example.com:3000/locomotive/api/pages/544f811b4fe0634fa900039e.json?auth_token=sdgp9LsjJPGxDSpi6RAs&locale=fr
    body:
      encoding: US-ASCII
      string: ''
    headers: {}
  response:
    status:
      code: 200
      message: OK
    headers:
      Date:
      - Tue, 28 Oct 2014 11:42:32 GMT
      Status:
      - 200 OK
      Connection:
      - close
      Content-Type:
      - application/json; charset=utf-8
      X-Ua-Compatible:
      - IE=Edge
      Etag:
      - '"f88ee060fcec3c642740e2c0944a0f51"'
      Cache-Control:
      - max-age=0, private, must-revalidate
      Set-Cookie:
      - _locomotive_session=aKrCjFAxUwXsEMJTLGFXCQGoXpY; domain=.example.com; path=/;
        HttpOnly
      X-Request-Id:
      - 3cc66c5beea0d1c83e284a980518b4e9
      X-Runtime:
      - '0.037142'
    body:
      encoding: UTF-8
      string: '{"id":"544f811b4fe0634fa900039e","_id":"544f811b4fe0634fa900039e","created_at":"2014-10-28T12:42:19+01:00","updated_at":"2014-10-28T12:42:21+01:00","title":"A
        notre sujet","slug":"a-notre-sujet","parent_id":"544f81174fe0634fa9000354","position":1,"response_type":"text/html","cache_strategy":"none","redirect":false,"redirect_type":301,"listed":true,"published":true,"templatized":false,"templatized_from_parent":false,"fullpath":"a-notre-sujet","localized_fullpaths":{"en":"about-us","fr":"fr/a-notre-sujet","nb":"nb/om-oss"},"depth":1,"translated_in":["en","fr","nb"],"raw_template":"{%
        extends parent %}\n{% block content %}\n{% editable_long_text ''content''
        %}\n<p>\n  Lorem ipsum dolor sit amet, consectetur adipiscing elit. Curabitur
        vitae tincidunt urna. Nunc felis purus, ultricies et venenatis bibendum, fringilla
        eu lectus. Sed cursus, sem at blandit mattis, libero quam egestas tortor,
        eget cursus dolor tellus id nunc. Quisque mauris diam, tincidunt in commodo
        sed, feugiat eu nibh. Nulla erat nunc, dapibus vel eleifend et, egestas sed
        quam. Vestibulum mollis eros at dolor vulputate vel sollicitudin enim convallis.
        Etiam velit nisi, rutrum vel sagittis facilisis, pretium id lorem. Cum sociis
        natoque penatibus et magnis dis parturient montes, nascetur ridiculus mus.
        Pellentesque mauris nisl, consequat sed tincidunt nec, lacinia in odio. In
        hac habitasse platea dictumst. Nam semper libero aliquam turpis gravida vel
        varius erat vulputate. Integer consequat ipsum vitae augue porttitor ullamcorper.
        Nam vulputate aliquet ante at gravida. Vestibulum luctus urna et dui hendrerit
        eu suscipit velit varius. Sed ornare eleifend sem, vitae pharetra dolor sodales
        egestas. Mauris lobortis hendrerit odio, vitae porttitor urna rutrum at. Ut
        at lectus erat, nec dictum dolor. Praesent in sapien interdum nibh euismod
        vestibulum. Vestibulum tincidunt pulvinar accumsan.\n</p>\n{% endeditable_long_text
        %}\n{% endblock %}\n","escaped_raw_template":"{% extends parent %}\n{% block
        content %}\n{% editable_long_text &#x27;content&#x27; %}\n&lt;p&gt;\n  Lorem
        ipsum dolor sit amet, consectetur adipiscing elit. Curabitur vitae tincidunt
        urna. Nunc felis purus, ultricies et venenatis bibendum, fringilla eu lectus.
        Sed cursus, sem at blandit mattis, libero quam egestas tortor, eget cursus
        dolor tellus id nunc. Quisque mauris diam, tincidunt in commodo sed, feugiat
        eu nibh. Nulla erat nunc, dapibus vel eleifend et, egestas sed quam. Vestibulum
        mollis eros at dolor vulputate vel sollicitudin enim convallis. Etiam velit
        nisi, rutrum vel sagittis facilisis, pretium id lorem. Cum sociis natoque
        penatibus et magnis dis parturient montes, nascetur ridiculus mus. Pellentesque
        mauris nisl, consequat sed tincidunt nec, lacinia in odio. In hac habitasse
        platea dictumst. Nam semper libero aliquam turpis gravida vel varius erat
        vulputate. Integer consequat ipsum vitae augue porttitor ullamcorper. Nam
        vulputate aliquet ante at gravida. Vestibulum luctus urna et dui hendrerit
        eu suscipit velit varius. Sed ornare eleifend sem, vitae pharetra dolor sodales
        egestas. Mauris lobortis hendrerit odio, vitae porttitor urna rutrum at. Ut
        at lectus erat, nec dictum dolor. Praesent in sapien interdum nibh euismod
        vestibulum. Vestibulum tincidunt pulvinar accumsan.\n&lt;/p&gt;\n{% endeditable_long_text
        %}\n{% endblock %}\n","editable_elements":[{"id":"544f811b4fe0634fa900039f","_id":"544f811b4fe0634fa900039f","created_at":"2014-10-28T12:42:19+01:00","updated_at":"2014-10-28T12:42:21+01:00","slug":"Page
        image","block":"banner","hint":"Top banner image in each page (602px by 397px)","priority":0,"label":"Page
        image","type":"EditableFile","block_name":"Banner","from_parent":true,"disabled":false,"content":"/sites/544f81174fe0634fa9000352/assets/544f811b4fe0634fa900039b/photo.jpg","url":"/sites/544f81174fe0634fa9000352/assets/544f811b4fe0634fa900039b/photo.jpg","filename":"photo.jpg"},{"id":"544f811b4fe0634fa90003a0","_id":"544f811b4fe0634fa90003a0","created_at":"2014-10-28T12:42:19+01:00","updated_at":"2014-10-28T12:42:21+01:00","slug":"pitch","block":"banner","hint":null,"priority":0,"label":"Pitch","type":"EditableText","block_name":"Banner","from_parent":true,"disabled":false,"content":"<h2>A
        notre sujet</h2><p>Lorem ipsum...(FR)</p>","default_content":false,"format":"html","line_break":true,"rows":15},{"id":"544f811b4fe0634fa90003a1","_id":"544f811b4fe0634fa90003a1","created_at":"2014-10-28T12:42:19+01:00","updated_at":"2014-10-28T12:42:21+01:00","slug":"content","block":"content","hint":null,"priority":0,"label":"Content","type":"EditableText","block_name":"Content","from_parent":false,"disabled":false,"content":"<p>\n  Lorem
        ipsum dolor sit amet, consectetur adipiscing elit. Curabitur vitae tincidunt
        urna. Nunc felis purus, ultricies et venenatis bibendum, fringilla eu lectus.
        Sed cursus, sem at blandit mattis, libero quam egestas tortor, eget cursus
        dolor tellus id nunc. Quisque mauris diam, tincidunt in commodo sed, feugiat
        eu nibh. Nulla erat nunc, dapibus vel eleifend et, egestas sed quam. Vestibulum
        mollis eros at dolor vulputate vel sollicitudin enim convallis. Etiam velit
        nisi, rutrum vel sagittis facilisis, pretium id lorem. Cum sociis natoque
        penatibus et magnis dis parturient montes, nascetur ridiculus mus. Pellentesque
        mauris nisl, consequat sed tincidunt nec, lacinia in odio. In hac habitasse
        platea dictumst. Nam semper libero aliquam turpis gravida vel varius erat
        vulputate. Integer consequat ipsum vitae augue porttitor ullamcorper. Nam
        vulputate aliquet ante at gravida. Vestibulum luctus urna et dui hendrerit
        eu suscipit velit varius. Sed ornare eleifend sem, vitae pharetra dolor sodales
        egestas. Mauris lobortis hendrerit odio, vitae porttitor urna rutrum at. Ut
        at lectus erat, nec dictum dolor. Praesent in sapien interdum nibh euismod
        vestibulum. Vestibulum tincidunt pulvinar accumsan.\n</p>","default_content":true,"format":"html","line_break":true,"rows":15}]}'
    http_version: 
  recorded_at: Tue, 28 Oct 2014 11:42:32 GMT
- request:
    method: get
    uri: http://sample.example.com:3000/locomotive/api/pages/544f811b4fe0634fa900039e.json?auth_token=sdgp9LsjJPGxDSpi6RAs&locale=nb
    body:
      encoding: US-ASCII
      string: ''
    headers: {}
  response:
    status:
      code: 200
      message: OK
    headers:
      Date:
      - Tue, 28 Oct 2014 11:42:32 GMT
      Status:
      - 200 OK
      Connection:
      - close
      Content-Type:
      - application/json; charset=utf-8
      X-Ua-Compatible:
      - IE=Edge
      Etag:
      - '"83f6998170f12c919f51799d7ff859ce"'
      Cache-Control:
      - max-age=0, private, must-revalidate
      Set-Cookie:
      - _locomotive_session=ZiMycTdlWnUCNCoFagSAV4hIL_w; domain=.example.com; path=/;
        HttpOnly
      X-Request-Id:
      - f1e6bcb51e9fffd0fb64afcf6ef3afe7
      X-Runtime:
      - '0.035922'
    body:
      encoding: UTF-8
      string: '{"id":"544f811b4fe0634fa900039e","_id":"544f811b4fe0634fa900039e","created_at":"2014-10-28T12:42:19+01:00","updated_at":"2014-10-28T12:42:21+01:00","title":"Om
        oss","slug":"om-oss","parent_id":"544f81174fe0634fa9000354","position":1,"response_type":"text/html","cache_strategy":"none","redirect":false,"redirect_type":301,"listed":true,"published":true,"templatized":false,"templatized_from_parent":false,"fullpath":"om-oss","localized_fullpaths":{"en":"about-us","fr":"fr/a-notre-sujet","nb":"nb/om-oss"},"depth":1,"translated_in":["en","fr","nb"],"raw_template":"{%
        extends parent %}\n{% block content %}\n{% editable_long_text ''content''
        %}\n<p>\n  Lorem ipsum dolor sit amet, consectetur adipiscing elit. Curabitur
        vitae tincidunt urna. Nunc felis purus, ultricies et venenatis bibendum, fringilla
        eu lectus. Sed cursus, sem at blandit mattis, libero quam egestas tortor,
        eget cursus dolor tellus id nunc. Quisque mauris diam, tincidunt in commodo
        sed, feugiat eu nibh. Nulla erat nunc, dapibus vel eleifend et, egestas sed
        quam. Vestibulum mollis eros at dolor vulputate vel sollicitudin enim convallis.
        Etiam velit nisi, rutrum vel sagittis facilisis, pretium id lorem. Cum sociis
        natoque penatibus et magnis dis parturient montes, nascetur ridiculus mus.
        Pellentesque mauris nisl, consequat sed tincidunt nec, lacinia in odio. In
        hac habitasse platea dictumst. Nam semper libero aliquam turpis gravida vel
        varius erat vulputate. Integer consequat ipsum vitae augue porttitor ullamcorper.
        Nam vulputate aliquet ante at gravida. Vestibulum luctus urna et dui hendrerit
        eu suscipit velit varius. Sed ornare eleifend sem, vitae pharetra dolor sodales
        egestas. Mauris lobortis hendrerit odio, vitae porttitor urna rutrum at. Ut
        at lectus erat, nec dictum dolor. Praesent in sapien interdum nibh euismod
        vestibulum. Vestibulum tincidunt pulvinar accumsan.\n</p>\n{% endeditable_long_text
        %}\n{% endblock %}\n","escaped_raw_template":"{% extends parent %}\n{% block
        content %}\n{% editable_long_text &#x27;content&#x27; %}\n&lt;p&gt;\n  Lorem
        ipsum dolor sit amet, consectetur adipiscing elit. Curabitur vitae tincidunt
        urna. Nunc felis purus, ultricies et venenatis bibendum, fringilla eu lectus.
        Sed cursus, sem at blandit mattis, libero quam egestas tortor, eget cursus
        dolor tellus id nunc. Quisque mauris diam, tincidunt in commodo sed, feugiat
        eu nibh. Nulla erat nunc, dapibus vel eleifend et, egestas sed quam. Vestibulum
        mollis eros at dolor vulputate vel sollicitudin enim convallis. Etiam velit
        nisi, rutrum vel sagittis facilisis, pretium id lorem. Cum sociis natoque
        penatibus et magnis dis parturient montes, nascetur ridiculus mus. Pellentesque
        mauris nisl, consequat sed tincidunt nec, lacinia in odio. In hac habitasse
        platea dictumst. Nam semper libero aliquam turpis gravida vel varius erat
        vulputate. Integer consequat ipsum vitae augue porttitor ullamcorper. Nam
        vulputate aliquet ante at gravida. Vestibulum luctus urna et dui hendrerit
        eu suscipit velit varius. Sed ornare eleifend sem, vitae pharetra dolor sodales
        egestas. Mauris lobortis hendrerit odio, vitae porttitor urna rutrum at. Ut
        at lectus erat, nec dictum dolor. Praesent in sapien interdum nibh euismod
        vestibulum. Vestibulum tincidunt pulvinar accumsan.\n&lt;/p&gt;\n{% endeditable_long_text
        %}\n{% endblock %}\n","editable_elements":[{"id":"544f811b4fe0634fa900039f","_id":"544f811b4fe0634fa900039f","created_at":"2014-10-28T12:42:19+01:00","updated_at":"2014-10-28T12:42:21+01:00","slug":"Page
        image","block":"banner","hint":"Top banner image in each page (602px by 397px)","priority":0,"label":"Page
        image","type":"EditableFile","block_name":"Banner","from_parent":true,"disabled":false,"content":"/sites/544f81174fe0634fa9000352/assets/544f811b4fe0634fa900039b/photo.jpg","url":"/sites/544f81174fe0634fa9000352/assets/544f811b4fe0634fa900039b/photo.jpg","filename":"photo.jpg"},{"id":"544f811b4fe0634fa90003a0","_id":"544f811b4fe0634fa90003a0","created_at":"2014-10-28T12:42:19+01:00","updated_at":"2014-10-28T12:42:21+01:00","slug":"pitch","block":"banner","hint":null,"priority":0,"label":"Pitch","type":"EditableText","block_name":"Banner","from_parent":true,"disabled":false,"content":"","default_content":false,"format":"html","line_break":true,"rows":15},{"id":"544f811b4fe0634fa90003a1","_id":"544f811b4fe0634fa90003a1","created_at":"2014-10-28T12:42:19+01:00","updated_at":"2014-10-28T12:42:21+01:00","slug":"content","block":"content","hint":null,"priority":0,"label":"Content","type":"EditableText","block_name":"Content","from_parent":false,"disabled":false,"content":"<p>\n  Lorem
        ipsum dolor sit amet, consectetur adipiscing elit. Curabitur vitae tincidunt
        urna. Nunc felis purus, ultricies et venenatis bibendum, fringilla eu lectus.
        Sed cursus, sem at blandit mattis, libero quam egestas tortor, eget cursus
        dolor tellus id nunc. Quisque mauris diam, tincidunt in commodo sed, feugiat
        eu nibh. Nulla erat nunc, dapibus vel eleifend et, egestas sed quam. Vestibulum
        mollis eros at dolor vulputate vel sollicitudin enim convallis. Etiam velit
        nisi, rutrum vel sagittis facilisis, pretium id lorem. Cum sociis natoque
        penatibus et magnis dis parturient montes, nascetur ridiculus mus. Pellentesque
        mauris nisl, consequat sed tincidunt nec, lacinia in odio. In hac habitasse
        platea dictumst. Nam semper libero aliquam turpis gravida vel varius erat
        vulputate. Integer consequat ipsum vitae augue porttitor ullamcorper. Nam
        vulputate aliquet ante at gravida. Vestibulum luctus urna et dui hendrerit
        eu suscipit velit varius. Sed ornare eleifend sem, vitae pharetra dolor sodales
        egestas. Mauris lobortis hendrerit odio, vitae porttitor urna rutrum at. Ut
        at lectus erat, nec dictum dolor. Praesent in sapien interdum nibh euismod
        vestibulum. Vestibulum tincidunt pulvinar accumsan.\n</p>","default_content":true,"format":"html","line_break":true,"rows":15}]}'
    http_version: 
  recorded_at: Tue, 28 Oct 2014 11:42:32 GMT
- request:
    method: get
    uri: http://sample.example.com:3000/locomotive/api/pages/544f811b4fe0634fa90003a2.json?auth_token=sdgp9LsjJPGxDSpi6RAs&locale=fr
    body:
      encoding: US-ASCII
      string: ''
    headers: {}
  response:
    status:
      code: 200
      message: OK
    headers:
      Date:
      - Tue, 28 Oct 2014 11:42:32 GMT
      Status:
      - 200 OK
      Connection:
      - close
      Content-Type:
      - application/json; charset=utf-8
      X-Ua-Compatible:
      - IE=Edge
      Etag:
      - '"ef987b77648bb8bae661a7f0a65742eb"'
      Cache-Control:
      - max-age=0, private, must-revalidate
      Set-Cookie:
      - _locomotive_session=Roq8CJzg7Jz9rHNOYS7n5mI6Vuo; domain=.example.com; path=/;
        HttpOnly
      X-Request-Id:
      - 2ae66ccda8c363fd0f40ec3f67af8580
      X-Runtime:
      - '0.034553'
    body:
      encoding: UTF-8
      string: '{"id":"544f811b4fe0634fa90003a2","_id":"544f811b4fe0634fa90003a2","created_at":"2014-10-28T12:42:19+01:00","updated_at":"2014-10-28T12:42:21+01:00","title":"Jean
        Personne","slug":"jean-personne","parent_id":"544f811b4fe0634fa900039e","position":1,"response_type":"text/html","cache_strategy":"none","redirect":false,"redirect_type":301,"listed":false,"published":true,"templatized":false,"templatized_from_parent":false,"fullpath":"a-notre-sujet/jean-personne","localized_fullpaths":{"en":"about-us/john-doe","fr":"fr/a-notre-sujet/jean-personne","nb":"nb/om-oss/john-doe"},"depth":2,"translated_in":["en","fr"],"raw_template":"{%
        extends parent %}\n","escaped_raw_template":"{% extends parent %}\n","editable_elements":[{"id":"544f811b4fe0634fa90003a3","_id":"544f811b4fe0634fa90003a3","created_at":"2014-10-28T12:42:19+01:00","updated_at":"2014-10-28T12:42:20+01:00","slug":"Page
        image","block":"banner","hint":"Top banner image in each page (602px by 397px)","priority":0,"label":"Page
        image","type":"EditableFile","block_name":"Banner","from_parent":true,"disabled":false,"content":"/sites/544f81174fe0634fa9000352/assets/544f811b4fe0634fa900039b/photo.jpg","url":"/sites/544f81174fe0634fa9000352/assets/544f811b4fe0634fa900039b/photo.jpg","filename":"photo.jpg"},{"id":"544f811b4fe0634fa90003a4","_id":"544f811b4fe0634fa90003a4","created_at":"2014-10-28T12:42:19+01:00","updated_at":"2014-10-28T12:42:20+01:00","slug":"pitch","block":"banner","hint":null,"priority":0,"label":"Pitch","type":"EditableText","block_name":"Banner","from_parent":true,"disabled":false,"content":"<h2>A
        notre sujet</h2><p>Lorem ipsum...(FR)</p>","default_content":true,"format":"html","line_break":true,"rows":15},{"id":"544f811b4fe0634fa90003a5","_id":"544f811b4fe0634fa90003a5","created_at":"2014-10-28T12:42:19+01:00","updated_at":"2014-10-28T12:42:20+01:00","slug":"content","block":"content","hint":null,"priority":0,"label":"Content","type":"EditableText","block_name":"Content","from_parent":true,"disabled":false,"content":"<p>\n  Lorem
        ipsum dolor sit amet, consectetur adipiscing elit. Curabitur vitae tincidunt
        urna. Nunc felis purus, ultricies et venenatis bibendum, fringilla eu lectus.
        Sed cursus, sem at blandit mattis, libero quam egestas tortor, eget cursus
        dolor tellus id nunc. Quisque mauris diam, tincidunt in commodo sed, feugiat
        eu nibh. Nulla erat nunc, dapibus vel eleifend et, egestas sed quam. Vestibulum
        mollis eros at dolor vulputate vel sollicitudin enim convallis. Etiam velit
        nisi, rutrum vel sagittis facilisis, pretium id lorem. Cum sociis natoque
        penatibus et magnis dis parturient montes, nascetur ridiculus mus. Pellentesque
        mauris nisl, consequat sed tincidunt nec, lacinia in odio. In hac habitasse
        platea dictumst. Nam semper libero aliquam turpis gravida vel varius erat
        vulputate. Integer consequat ipsum vitae augue porttitor ullamcorper. Nam
        vulputate aliquet ante at gravida. Vestibulum luctus urna et dui hendrerit
        eu suscipit velit varius. Sed ornare eleifend sem, vitae pharetra dolor sodales
        egestas. Mauris lobortis hendrerit odio, vitae porttitor urna rutrum at. Ut
        at lectus erat, nec dictum dolor. Praesent in sapien interdum nibh euismod
        vestibulum. Vestibulum tincidunt pulvinar accumsan.\n</p>","default_content":true,"format":"html","line_break":true,"rows":15}]}'
    http_version: 
  recorded_at: Tue, 28 Oct 2014 11:42:32 GMT
- request:
    method: get
    uri: http://sample.example.com:3000/locomotive/api/pages/544f811b4fe0634fa90003ae.json?auth_token=sdgp9LsjJPGxDSpi6RAs&locale=fr
    body:
      encoding: US-ASCII
      string: ''
    headers: {}
  response:
    status:
      code: 200
      message: OK
    headers:
      Date:
      - Tue, 28 Oct 2014 11:42:32 GMT
      Status:
      - 200 OK
      Connection:
      - close
      Content-Type:
      - application/json; charset=utf-8
      X-Ua-Compatible:
      - IE=Edge
      Etag:
      - '"9f54046bce4e6d02abd34f58daacd31f"'
      Cache-Control:
      - max-age=0, private, must-revalidate
      Set-Cookie:
      - _locomotive_session=YtIP5OlZLa5zJU7YINSP-0BYiRM; domain=.example.com; path=/;
        HttpOnly
      X-Request-Id:
      - c17d46c3f9a06dac65ddff9e5966340d
      X-Runtime:
      - '0.041374'
    body:
      encoding: UTF-8
      string: '{"id":"544f811b4fe0634fa90003ae","_id":"544f811b4fe0634fa90003ae","created_at":"2014-10-28T12:42:19+01:00","updated_at":"2014-10-28T12:42:21+01:00","title":"Magasin","slug":"magasin","parent_id":"544f81174fe0634fa9000354","position":3,"response_type":"text/html","cache_strategy":"none","redirect":true,"redirect_url":"http://www.apple.com/fr/itunes/","redirect_type":301,"listed":true,"published":true,"templatized":false,"templatized_from_parent":false,"fullpath":"magasin","localized_fullpaths":{"en":"store","fr":"fr/magasin","nb":"nb/store"},"depth":1,"translated_in":["en","fr"],"raw_template":"","escaped_raw_template":"","editable_elements":[]}'
    http_version: 
  recorded_at: Tue, 28 Oct 2014 11:42:32 GMT
- request:
    method: get
    uri: http://sample.example.com:3000/locomotive/api/pages/544f81174fe0634fa9000355.json?auth_token=sdgp9LsjJPGxDSpi6RAs&locale=fr
    body:
      encoding: US-ASCII
      string: ''
    headers: {}
  response:
    status:
      code: 200
      message: OK
    headers:
      Date:
      - Tue, 28 Oct 2014 11:42:32 GMT
      Status:
      - 200 OK
      Connection:
      - close
      Content-Type:
      - application/json; charset=utf-8
      X-Ua-Compatible:
      - IE=Edge
      Etag:
      - '"9400447e4119c0f14c03cb77e9f603f4"'
      Cache-Control:
      - max-age=0, private, must-revalidate
      Set-Cookie:
      - _locomotive_session=BGzI3a1yR6vwAsgRhudyGZXYnjk; domain=.example.com; path=/;
        HttpOnly
      X-Request-Id:
      - f5c1cc38467bf7816a9d268e5853c5cd
      X-Runtime:
      - '0.046020'
    body:
      encoding: UTF-8
      string: '{"id":"544f81174fe0634fa9000355","_id":"544f81174fe0634fa9000355","created_at":"2014-10-28T12:42:15+01:00","updated_at":"2014-10-28T12:42:21+01:00","title":"Page
        non trouv\u00e9e","slug":"404","position":100,"response_type":"text/html","cache_strategy":"none","redirect":false,"redirect_type":301,"listed":false,"published":true,"templatized":false,"templatized_from_parent":false,"fullpath":"404","localized_fullpaths":{"en":"404","fr":"fr/404","nb":"nb/404"},"depth":0,"translated_in":["en","fr","nb"],"raw_template":"","escaped_raw_template":"","editable_elements":[]}'
    http_version: 
  recorded_at: Tue, 28 Oct 2014 11:42:32 GMT
- request:
    method: get
    uri: http://sample.example.com:3000/locomotive/api/pages/544f81174fe0634fa9000355.json?auth_token=sdgp9LsjJPGxDSpi6RAs&locale=nb
    body:
      encoding: US-ASCII
      string: ''
    headers: {}
  response:
    status:
      code: 200
      message: OK
    headers:
      Date:
      - Tue, 28 Oct 2014 11:42:32 GMT
      Status:
      - 200 OK
      Connection:
      - close
      Content-Type:
      - application/json; charset=utf-8
      X-Ua-Compatible:
      - IE=Edge
      Etag:
      - '"d8d8e0dd402a203b67d4dbc64642ce5c"'
      Cache-Control:
      - max-age=0, private, must-revalidate
      Set-Cookie:
      - _locomotive_session=XpX_3N6M3fVhWfkifvlOGzbp6wM; domain=.example.com; path=/;
        HttpOnly
      X-Request-Id:
      - aee79414e179799f93d024b05e92c9a5
      X-Runtime:
      - '0.034652'
    body:
      encoding: UTF-8
      string: '{"id":"544f81174fe0634fa9000355","_id":"544f81174fe0634fa9000355","created_at":"2014-10-28T12:42:15+01:00","updated_at":"2014-10-28T12:42:21+01:00","title":"Siden
        finnes ikke","slug":"404","position":100,"response_type":"text/html","cache_strategy":"none","redirect":false,"redirect_type":301,"listed":false,"published":true,"templatized":false,"templatized_from_parent":false,"fullpath":"404","localized_fullpaths":{"en":"404","fr":"fr/404","nb":"nb/404"},"depth":0,"translated_in":["en","fr","nb"],"raw_template":"","escaped_raw_template":"","editable_elements":[]}'
    http_version: 
  recorded_at: Tue, 28 Oct 2014 11:42:32 GMT
recorded_with: VCR 2.4.0
